Archive member included to satisfy reference by file (symbol)

d:/embitz/1.11/share/em_armgcc/bin/../lib/gcc/arm-none-eabi/5.4.1/armv6-m\libgcc.a(_udivsi3.o)
                              obj\debug\src\system_stm32l0xx.o (__aeabi_uidiv)
d:/embitz/1.11/share/em_armgcc/bin/../lib/gcc/arm-none-eabi/5.4.1/armv6-m\libgcc.a(_dvmd_tls.o)
                              d:/embitz/1.11/share/em_armgcc/bin/../lib/gcc/arm-none-eabi/5.4.1/armv6-m\libgcc.a(_udivsi3.o) (__aeabi_idiv0)
d:/embitz/1.11/share/em_armgcc/bin/../lib/gcc/arm-none-eabi/5.4.1/../../../../arm-none-eabi/lib/armv6-m\libg_n.a(lib_a-exit.o)
                              d:/embitz/1.11/share/em_armgcc/bin/../lib/gcc/arm-none-eabi/5.4.1/../../../../arm-none-eabi/lib/armv6-m/crt0.o (exit)
d:/embitz/1.11/share/em_armgcc/bin/../lib/gcc/arm-none-eabi/5.4.1/../../../../arm-none-eabi/lib/armv6-m\libg_n.a(lib_a-impure.o)
                              d:/embitz/1.11/share/em_armgcc/bin/../lib/gcc/arm-none-eabi/5.4.1/../../../../arm-none-eabi/lib/armv6-m\libg_n.a(lib_a-exit.o) (_global_impure_ptr)
d:/embitz/1.11/share/em_armgcc/bin/../lib/gcc/arm-none-eabi/5.4.1/../../../../arm-none-eabi/lib/armv6-m\libg_n.a(lib_a-init.o)
                              d:/embitz/1.11/share/em_armgcc/bin/../lib/gcc/arm-none-eabi/5.4.1/../../../../arm-none-eabi/lib/armv6-m/crt0.o (__libc_init_array)
d:/embitz/1.11/share/em_armgcc/bin/../lib/gcc/arm-none-eabi/5.4.1/../../../../arm-none-eabi/lib/armv6-m\libg_n.a(lib_a-memset.o)
                              d:/embitz/1.11/share/em_armgcc/bin/../lib/gcc/arm-none-eabi/5.4.1/../../../../arm-none-eabi/lib/armv6-m/crt0.o (memset)
d:/embitz/1.11/share/em_armgcc/bin/../lib/gcc/arm-none-eabi/5.4.1/../../../../arm-none-eabi/lib/armv6-m\libnosys_s.a(_exit.o)
                              d:/embitz/1.11/share/em_armgcc/bin/../lib/gcc/arm-none-eabi/5.4.1/../../../../arm-none-eabi/lib/armv6-m\libg_n.a(lib_a-exit.o) (_exit)

Discarded input sections

 .text          0x00000000        0x0 d:/embitz/1.11/share/em_armgcc/bin/../lib/gcc/arm-none-eabi/5.4.1/armv6-m/crti.o
 .data          0x00000000        0x0 d:/embitz/1.11/share/em_armgcc/bin/../lib/gcc/arm-none-eabi/5.4.1/armv6-m/crti.o
 .bss           0x00000000        0x0 d:/embitz/1.11/share/em_armgcc/bin/../lib/gcc/arm-none-eabi/5.4.1/armv6-m/crti.o
 .data          0x00000000        0x4 d:/embitz/1.11/share/em_armgcc/bin/../lib/gcc/arm-none-eabi/5.4.1/armv6-m/crtbegin.o
 .data          0x00000000        0x0 d:/embitz/1.11/share/em_armgcc/bin/../lib/gcc/arm-none-eabi/5.4.1/../../../../arm-none-eabi/lib/armv6-m/crt0.o
 .bss           0x00000000        0x0 d:/embitz/1.11/share/em_armgcc/bin/../lib/gcc/arm-none-eabi/5.4.1/../../../../arm-none-eabi/lib/armv6-m/crt0.o
 .ARM.extab     0x00000000        0x0 d:/embitz/1.11/share/em_armgcc/bin/../lib/gcc/arm-none-eabi/5.4.1/../../../../arm-none-eabi/lib/armv6-m/crt0.o
 .data          0x00000000        0x0 obj\debug\src\startup_stm32l0xx.o
 .bss           0x00000000        0x0 obj\debug\src\startup_stm32l0xx.o
 .group         0x00000000        0x8 obj\debug\src\system_stm32l0xx.o
 .group         0x00000000        0x8 obj\debug\src\system_stm32l0xx.o
 .group         0x00000000        0x8 obj\debug\src\system_stm32l0xx.o
 .group         0x00000000        0x8 obj\debug\src\system_stm32l0xx.o
 .group         0x00000000        0x8 obj\debug\src\system_stm32l0xx.o
 .group         0x00000000        0x8 obj\debug\src\system_stm32l0xx.o
 .group         0x00000000        0x8 obj\debug\src\system_stm32l0xx.o
 .group         0x00000000        0x8 obj\debug\src\system_stm32l0xx.o
 .group         0x00000000        0x8 obj\debug\src\system_stm32l0xx.o
 .group         0x00000000        0x8 obj\debug\src\system_stm32l0xx.o
 .group         0x00000000        0x8 obj\debug\src\system_stm32l0xx.o
 .text          0x00000000        0x0 obj\debug\src\system_stm32l0xx.o
 .data          0x00000000        0x0 obj\debug\src\system_stm32l0xx.o
 .bss           0x00000000        0x0 obj\debug\src\system_stm32l0xx.o
 .data.SystemCoreClock
                0x00000000        0x4 obj\debug\src\system_stm32l0xx.o
 .data.AHBPrescTable
                0x00000000       0x10 obj\debug\src\system_stm32l0xx.o
 .data.PLLMulTable
                0x00000000        0x9 obj\debug\src\system_stm32l0xx.o
 .text.SystemCoreClockUpdate
                0x00000000      0x170 obj\debug\src\system_stm32l0xx.o
 .group         0x00000000        0x8 obj\debug\src\main.o
 .group         0x00000000        0x8 obj\debug\src\main.o
 .group         0x00000000        0x8 obj\debug\src\main.o
 .group         0x00000000        0x8 obj\debug\src\main.o
 .group         0x00000000        0x8 obj\debug\src\main.o
 .group         0x00000000        0x8 obj\debug\src\main.o
 .group         0x00000000        0x8 obj\debug\src\main.o
 .group         0x00000000        0x8 obj\debug\src\main.o
 .group         0x00000000        0x8 obj\debug\src\main.o
 .group         0x00000000        0x8 obj\debug\src\main.o
 .group         0x00000000        0x8 obj\debug\src\main.o
 .text          0x00000000        0x0 obj\debug\src\main.o
 .data          0x00000000        0x0 obj\debug\src\main.o
 .bss           0x00000000        0x0 obj\debug\src\main.o
 .text.ledRedOn
                0x00000000       0x20 obj\debug\src\main.o
 .text.ledRedOff
                0x00000000       0x20 obj\debug\src\main.o
 .text.ledGreenOff
                0x00000000       0x20 obj\debug\src\main.o
 .text.v33LatchOutputEnable
                0x00000000       0x20 obj\debug\src\main.o
 .text.vBatLatchOutputEnable
                0x00000000       0x20 obj\debug\src\main.o
 .text.v33LatchDisable
                0x00000000       0x20 obj\debug\src\main.o
 .text.vBatLatchDisable
                0x00000000       0x20 obj\debug\src\main.o
 .text.gsmStabEnable
                0x00000000       0x20 obj\debug\src\main.o
 .text.gsmOn    0x00000000       0x20 obj\debug\src\main.o
 .text.gsmOff   0x00000000       0x24 obj\debug\src\main.o
 .debug_macro   0x00000000      0x832 obj\debug\src\main.o
 .debug_macro   0x00000000       0x28 obj\debug\src\main.o
 .debug_macro   0x00000000       0x3a obj\debug\src\main.o
 .debug_macro   0x00000000       0x22 obj\debug\src\main.o
 .debug_macro   0x00000000       0x87 obj\debug\src\main.o
 .debug_macro   0x00000000       0x44 obj\debug\src\main.o
 .debug_macro   0x00000000       0xfd obj\debug\src\main.o
 .debug_macro   0x00000000       0x5e obj\debug\src\main.o
 .debug_macro   0x00000000      0x1df obj\debug\src\main.o
 .debug_macro   0x00000000      0x376 obj\debug\src\main.o
 .debug_macro   0x00000000     0x450f obj\debug\src\main.o
 .text          0x00000000      0x114 d:/embitz/1.11/share/em_armgcc/bin/../lib/gcc/arm-none-eabi/5.4.1/armv6-m\libgcc.a(_udivsi3.o)
 .data          0x00000000        0x0 d:/embitz/1.11/share/em_armgcc/bin/../lib/gcc/arm-none-eabi/5.4.1/armv6-m\libgcc.a(_udivsi3.o)
 .bss           0x00000000        0x0 d:/embitz/1.11/share/em_armgcc/bin/../lib/gcc/arm-none-eabi/5.4.1/armv6-m\libgcc.a(_udivsi3.o)
 .debug_frame   0x00000000       0x20 d:/embitz/1.11/share/em_armgcc/bin/../lib/gcc/arm-none-eabi/5.4.1/armv6-m\libgcc.a(_udivsi3.o)
 .ARM.attributes
                0x00000000       0x1e d:/embitz/1.11/share/em_armgcc/bin/../lib/gcc/arm-none-eabi/5.4.1/armv6-m\libgcc.a(_udivsi3.o)
 .text          0x00000000        0x4 d:/embitz/1.11/share/em_armgcc/bin/../lib/gcc/arm-none-eabi/5.4.1/armv6-m\libgcc.a(_dvmd_tls.o)
 .data          0x00000000        0x0 d:/embitz/1.11/share/em_armgcc/bin/../lib/gcc/arm-none-eabi/5.4.1/armv6-m\libgcc.a(_dvmd_tls.o)
 .bss           0x00000000        0x0 d:/embitz/1.11/share/em_armgcc/bin/../lib/gcc/arm-none-eabi/5.4.1/armv6-m\libgcc.a(_dvmd_tls.o)
 .ARM.attributes
                0x00000000       0x1e d:/embitz/1.11/share/em_armgcc/bin/../lib/gcc/arm-none-eabi/5.4.1/armv6-m\libgcc.a(_dvmd_tls.o)
 .text          0x00000000        0x0 d:/embitz/1.11/share/em_armgcc/bin/../lib/gcc/arm-none-eabi/5.4.1/../../../../arm-none-eabi/lib/armv6-m\libg_n.a(lib_a-exit.o)
 .data          0x00000000        0x0 d:/embitz/1.11/share/em_armgcc/bin/../lib/gcc/arm-none-eabi/5.4.1/../../../../arm-none-eabi/lib/armv6-m\libg_n.a(lib_a-exit.o)
 .bss           0x00000000        0x0 d:/embitz/1.11/share/em_armgcc/bin/../lib/gcc/arm-none-eabi/5.4.1/../../../../arm-none-eabi/lib/armv6-m\libg_n.a(lib_a-exit.o)
 .text          0x00000000        0x0 d:/embitz/1.11/share/em_armgcc/bin/../lib/gcc/arm-none-eabi/5.4.1/../../../../arm-none-eabi/lib/armv6-m\libg_n.a(lib_a-impure.o)
 .data          0x00000000        0x0 d:/embitz/1.11/share/em_armgcc/bin/../lib/gcc/arm-none-eabi/5.4.1/../../../../arm-none-eabi/lib/armv6-m\libg_n.a(lib_a-impure.o)
 .bss           0x00000000        0x0 d:/embitz/1.11/share/em_armgcc/bin/../lib/gcc/arm-none-eabi/5.4.1/../../../../arm-none-eabi/lib/armv6-m\libg_n.a(lib_a-impure.o)
 .data._impure_ptr
                0x00000000        0x4 d:/embitz/1.11/share/em_armgcc/bin/../lib/gcc/arm-none-eabi/5.4.1/../../../../arm-none-eabi/lib/armv6-m\libg_n.a(lib_a-impure.o)
 .text          0x00000000        0x0 d:/embitz/1.11/share/em_armgcc/bin/../lib/gcc/arm-none-eabi/5.4.1/../../../../arm-none-eabi/lib/armv6-m\libg_n.a(lib_a-init.o)
 .data          0x00000000        0x0 d:/embitz/1.11/share/em_armgcc/bin/../lib/gcc/arm-none-eabi/5.4.1/../../../../arm-none-eabi/lib/armv6-m\libg_n.a(lib_a-init.o)
 .bss           0x00000000        0x0 d:/embitz/1.11/share/em_armgcc/bin/../lib/gcc/arm-none-eabi/5.4.1/../../../../arm-none-eabi/lib/armv6-m\libg_n.a(lib_a-init.o)
 .text          0x00000000        0x0 d:/embitz/1.11/share/em_armgcc/bin/../lib/gcc/arm-none-eabi/5.4.1/../../../../arm-none-eabi/lib/armv6-m\libg_n.a(lib_a-memset.o)
 .data          0x00000000        0x0 d:/embitz/1.11/share/em_armgcc/bin/../lib/gcc/arm-none-eabi/5.4.1/../../../../arm-none-eabi/lib/armv6-m\libg_n.a(lib_a-memset.o)
 .bss           0x00000000        0x0 d:/embitz/1.11/share/em_armgcc/bin/../lib/gcc/arm-none-eabi/5.4.1/../../../../arm-none-eabi/lib/armv6-m\libg_n.a(lib_a-memset.o)
 .text          0x00000000        0x0 d:/embitz/1.11/share/em_armgcc/bin/../lib/gcc/arm-none-eabi/5.4.1/../../../../arm-none-eabi/lib/armv6-m\libnosys_s.a(_exit.o)
 .data          0x00000000        0x0 d:/embitz/1.11/share/em_armgcc/bin/../lib/gcc/arm-none-eabi/5.4.1/../../../../arm-none-eabi/lib/armv6-m\libnosys_s.a(_exit.o)
 .bss           0x00000000        0x0 d:/embitz/1.11/share/em_armgcc/bin/../lib/gcc/arm-none-eabi/5.4.1/../../../../arm-none-eabi/lib/armv6-m\libnosys_s.a(_exit.o)
 .text          0x00000000        0x0 d:/embitz/1.11/share/em_armgcc/bin/../lib/gcc/arm-none-eabi/5.4.1/armv6-m/crtend.o
 .data          0x00000000        0x0 d:/embitz/1.11/share/em_armgcc/bin/../lib/gcc/arm-none-eabi/5.4.1/armv6-m/crtend.o
 .bss           0x00000000        0x0 d:/embitz/1.11/share/em_armgcc/bin/../lib/gcc/arm-none-eabi/5.4.1/armv6-m/crtend.o
 .jcr           0x00000000        0x4 d:/embitz/1.11/share/em_armgcc/bin/../lib/gcc/arm-none-eabi/5.4.1/armv6-m/crtend.o
 .text          0x00000000        0x0 d:/embitz/1.11/share/em_armgcc/bin/../lib/gcc/arm-none-eabi/5.4.1/armv6-m/crtn.o
 .data          0x00000000        0x0 d:/embitz/1.11/share/em_armgcc/bin/../lib/gcc/arm-none-eabi/5.4.1/armv6-m/crtn.o
 .bss           0x00000000        0x0 d:/embitz/1.11/share/em_armgcc/bin/../lib/gcc/arm-none-eabi/5.4.1/armv6-m/crtn.o

Memory Configuration

Name             Origin             Length             Attributes
ROM              0x08000000         0x00010000         xr
RAM              0x20000000         0x00002000         xrw
*default*        0x00000000         0xffffffff

Linker script and memory map

LOAD d:/embitz/1.11/share/em_armgcc/bin/../lib/gcc/arm-none-eabi/5.4.1/armv6-m/crti.o
LOAD d:/embitz/1.11/share/em_armgcc/bin/../lib/gcc/arm-none-eabi/5.4.1/armv6-m/crtbegin.o
LOAD d:/embitz/1.11/share/em_armgcc/bin/../lib/gcc/arm-none-eabi/5.4.1/../../../../arm-none-eabi/lib/armv6-m/crt0.o
                0x00000000                __HEAP_SIZE = 0x0
                0x00000100                __STACK_SIZE = 0x100

.text           0x08000000      0x9cc
 *(.isr_vector)
 .isr_vector    0x08000000       0xc0 obj\debug\src\startup_stm32l0xx.o
                0x08000000                __isr_vector
 *(.text*)
 .text          0x080000c0       0x60 d:/embitz/1.11/share/em_armgcc/bin/../lib/gcc/arm-none-eabi/5.4.1/armv6-m/crtbegin.o
 .text          0x08000120       0x78 d:/embitz/1.11/share/em_armgcc/bin/../lib/gcc/arm-none-eabi/5.4.1/../../../../arm-none-eabi/lib/armv6-m/crt0.o
                0x08000120                _start
                0x08000120                _mainCRTStartup
 .text          0x08000198       0x90 obj\debug\src\startup_stm32l0xx.o
                0x08000198                Reset_Handler
                0x080001de                NMI_Handler
                0x080001e0                HardFault_Handler
                0x080001e2                SVC_Handler
                0x080001e4                DebugMon_Handler
                0x080001e6                PendSV_Handler
                0x080001e8                SysTick_Handler
                0x080001ea                WWDG_IRQHandler
                0x080001ec                PVD_IRQHandler
                0x080001ee                RTC_IRQHandler
                0x080001f0                FLASH_IRQHandler
                0x080001f2                RCC_CRS_IRQHandler
                0x080001f4                EXTI0_1_IRQHandler
                0x080001f6                EXTI2_3_IRQHandler
                0x080001f8                EXTI4_15_IRQHandler
                0x080001fa                TSC_IRQHandler
                0x080001fc                DMA1_Channel1_IRQHandler
                0x080001fe                DMA1_Channel2_3_IRQHandler
                0x08000200                DMA1_Channel4_5_6_7_IRQHandler
                0x08000202                ADC1_COMP_IRQHandler
                0x08000204                LPTIM1_IRQHandler
                0x08000206                TIM2_IRQHandler
                0x08000208                TIM6_DAC_IRQHandler
                0x0800020a                TIM21_IRQHandler
                0x0800020c                TIM22_IRQHandler
                0x0800020e                I2C1_IRQHandler
                0x08000210                I2C2_IRQHandler
                0x08000212                SPI1_IRQHandler
                0x08000214                SPI2_IRQHandler
                0x08000216                USART1_IRQHandler
                0x08000218                USART2_IRQHandler
                0x0800021a                AES_RNG_LPUART1_IRQHandler
                0x0800021c                LCD_IRQHandler
                0x0800021e                USB_IRQHandler
 .text.SystemInit
                0x08000228       0x7c obj\debug\src\system_stm32l0xx.o
                0x08000228                SystemInit
 .text.ledGreenOn
                0x080002a4       0x20 obj\debug\src\main.o
                0x080002a4                ledGreenOn
 .text.initLed  0x080002c4       0x88 obj\debug\src\main.o
                0x080002c4                initLed
 .text.initLatch
                0x0800034c      0x2a0 obj\debug\src\main.o
                0x0800034c                initLatch
 .text.v33LatchEnable
                0x080005ec       0x20 obj\debug\src\main.o
                0x080005ec                v33LatchEnable
 .text.vBatLatchEnable
                0x0800060c       0x20 obj\debug\src\main.o
                0x0800060c                vBatLatchEnable
 .text.v33LatchOutputDisable
                0x0800062c       0x20 obj\debug\src\main.o
                0x0800062c                v33LatchOutputDisable
 .text.vBatLatchOutputDisable
                0x0800064c       0x20 obj\debug\src\main.o
                0x0800064c                vBatLatchOutputDisable
 .text.vPlugOn  0x0800066c       0xac obj\debug\src\main.o
                0x0800066c                vPlugOn
 .text.vPlugOff
                0x08000718       0xac obj\debug\src\main.o
                0x08000718                vPlugOff
 .text.initGsm  0x080007c4       0xb0 obj\debug\src\main.o
                0x080007c4                initGsm
 .text.main     0x08000874       0x70 obj\debug\src\main.o
                0x08000874                main
 .text.exit     0x080008e4       0x2c d:/embitz/1.11/share/em_armgcc/bin/../lib/gcc/arm-none-eabi/5.4.1/../../../../arm-none-eabi/lib/armv6-m\libg_n.a(lib_a-exit.o)
                0x080008e4                exit
 .text.__libc_init_array
                0x08000910       0x4c d:/embitz/1.11/share/em_armgcc/bin/../lib/gcc/arm-none-eabi/5.4.1/../../../../arm-none-eabi/lib/armv6-m\libg_n.a(lib_a-init.o)
                0x08000910                __libc_init_array
 .text.memset   0x0800095c       0x10 d:/embitz/1.11/share/em_armgcc/bin/../lib/gcc/arm-none-eabi/5.4.1/../../../../arm-none-eabi/lib/armv6-m\libg_n.a(lib_a-memset.o)
                0x0800095c                memset
 .text._exit    0x0800096c        0x2 d:/embitz/1.11/share/em_armgcc/bin/../lib/gcc/arm-none-eabi/5.4.1/../../../../arm-none-eabi/lib/armv6-m\libnosys_s.a(_exit.o)
                0x0800096c                _exit
 *(.init)
 *fill*         0x0800096e        0x2 
 .init          0x08000970        0x4 d:/embitz/1.11/share/em_armgcc/bin/../lib/gcc/arm-none-eabi/5.4.1/armv6-m/crti.o
                0x08000970                _init
 .init          0x08000974        0x8 d:/embitz/1.11/share/em_armgcc/bin/../lib/gcc/arm-none-eabi/5.4.1/armv6-m/crtn.o
 *(.fini)
 .fini          0x0800097c        0x4 d:/embitz/1.11/share/em_armgcc/bin/../lib/gcc/arm-none-eabi/5.4.1/armv6-m/crti.o
                0x0800097c                _fini
 .fini          0x08000980        0x8 d:/embitz/1.11/share/em_armgcc/bin/../lib/gcc/arm-none-eabi/5.4.1/armv6-m/crtn.o
 *crtbegin.o(.ctors)
 *crtbegin?.o(.ctors)
 *(EXCLUDE_FILE(*crtend.o *crtend?.o) .ctors)
 *(SORT(.ctors.*))
 *(.ctors)
 *crtbegin.o(.dtors)
 *crtbegin?.o(.dtors)
 *(EXCLUDE_FILE(*crtend.o *crtend?.o) .dtors)
 *(SORT(.dtors.*))
 *(.dtors)
 *(.rodata*)
 .rodata.vPlugOn
                0x08000988       0x1c obj\debug\src\main.o
 .rodata.vPlugOff
                0x080009a4       0x1c obj\debug\src\main.o
 .rodata.str1.1
                0x080009c0        0x2 d:/embitz/1.11/share/em_armgcc/bin/../lib/gcc/arm-none-eabi/5.4.1/../../../../arm-none-eabi/lib/armv6-m\libg_n.a(lib_a-impure.o)
 *fill*         0x080009c2        0x2 
 .rodata._global_impure_ptr
                0x080009c4        0x4 d:/embitz/1.11/share/em_armgcc/bin/../lib/gcc/arm-none-eabi/5.4.1/../../../../arm-none-eabi/lib/armv6-m\libg_n.a(lib_a-impure.o)
                0x080009c4                _global_impure_ptr
 *(.eh_frame*)
 .eh_frame      0x080009c8        0x0 d:/embitz/1.11/share/em_armgcc/bin/../lib/gcc/arm-none-eabi/5.4.1/armv6-m/crtbegin.o
 .eh_frame      0x080009c8        0x4 d:/embitz/1.11/share/em_armgcc/bin/../lib/gcc/arm-none-eabi/5.4.1/armv6-m/crtend.o

.glue_7         0x080009cc        0x0
 .glue_7        0x080009cc        0x0 linker stubs

.glue_7t        0x080009cc        0x0
 .glue_7t       0x080009cc        0x0 linker stubs

.vfp11_veneer   0x080009cc        0x0
 .vfp11_veneer  0x080009cc        0x0 linker stubs

.v4_bx          0x080009cc        0x0
 .v4_bx         0x080009cc        0x0 linker stubs

.iplt           0x080009cc        0x0
 .iplt          0x080009cc        0x0 d:/embitz/1.11/share/em_armgcc/bin/../lib/gcc/arm-none-eabi/5.4.1/armv6-m/crtbegin.o

.ARM.extab
 *(.ARM.extab* .gnu.linkonce.armextab.*)
                0x080009cc                __exidx_start = .

.ARM.exidx      0x080009cc        0x8
 *(.ARM.exidx* .gnu.linkonce.armexidx.*)
 .ARM.exidx     0x080009cc        0x8 d:/embitz/1.11/share/em_armgcc/bin/../lib/gcc/arm-none-eabi/5.4.1/../../../../arm-none-eabi/lib/armv6-m/crt0.o
                0x080009d4                __exidx_end = .
                0x080009d4                __etext = .

.rel.dyn        0x080009d4        0x0
 .rel.iplt      0x080009d4        0x0 d:/embitz/1.11/share/em_armgcc/bin/../lib/gcc/arm-none-eabi/5.4.1/armv6-m/crtbegin.o

.data           0x20000000       0x68 load address 0x080009d4
                0x20000000                __data_start__ = .
 *(vtable)
 *(.data*)
 .data.impure_data
                0x20000000       0x60 d:/embitz/1.11/share/em_armgcc/bin/../lib/gcc/arm-none-eabi/5.4.1/../../../../arm-none-eabi/lib/armv6-m\libg_n.a(lib_a-impure.o)
                0x20000060                . = ALIGN (0x4)
                0x20000060                PROVIDE (__preinit_array_start, .)
 *(.preinit_array)
                0x20000060                PROVIDE (__preinit_array_end, .)
                0x20000060                . = ALIGN (0x4)
                0x20000060                PROVIDE (__init_array_start, .)
 *(SORT(.init_array.*))
 *(.init_array)
 .init_array    0x20000060        0x4 d:/embitz/1.11/share/em_armgcc/bin/../lib/gcc/arm-none-eabi/5.4.1/armv6-m/crtbegin.o
                0x20000064                PROVIDE (__init_array_end, .)
                0x20000064                . = ALIGN (0x4)
                [!provide]                PROVIDE (__fini_array_start, .)
 *(SORT(.fini_array.*))
 *(.fini_array)
 .fini_array    0x20000064        0x4 d:/embitz/1.11/share/em_armgcc/bin/../lib/gcc/arm-none-eabi/5.4.1/armv6-m/crtbegin.o
                [!provide]                PROVIDE (__fini_array_end, .)
                0x20000068                . = ALIGN (0x4)
                0x20000068                __data_end__ = .

.jcr            0x20000068        0x0 load address 0x08000a3c
 .jcr           0x20000068        0x0 d:/embitz/1.11/share/em_armgcc/bin/../lib/gcc/arm-none-eabi/5.4.1/armv6-m/crtbegin.o

.igot.plt       0x20000068        0x0 load address 0x08000a3c
 .igot.plt      0x20000068        0x0 d:/embitz/1.11/share/em_armgcc/bin/../lib/gcc/arm-none-eabi/5.4.1/armv6-m/crtbegin.o

.bss            0x20000068       0x1c load address 0x08000a3c
                0x20000068                __bss_start__ = .
 *(.bss*)
 .bss           0x20000068       0x1c d:/embitz/1.11/share/em_armgcc/bin/../lib/gcc/arm-none-eabi/5.4.1/armv6-m/crtbegin.o
 *(COMMON)
                0x20000084                __bss_end__ = .

.heap           0x20000088        0x0
                0x20000088                __end__ = .
                0x20000088                end = __end__
 *(.heap*)
 .heap          0x20000088        0x0 obj\debug\src\startup_stm32l0xx.o
                0x20000088                __HeapLimit = .

.stack_dummy    0x20000088      0x100
 *(.stack)
 .stack         0x20000088      0x100 obj\debug\src\startup_stm32l0xx.o
                0x20002000                __StackTop = (ORIGIN (RAM) + LENGTH (RAM))
                0x20001f00                __StackLimit = (__StackTop - SIZEOF (.stack_dummy))
                0x20002000                PROVIDE (__stack, __StackTop)
                0x00000001                ASSERT ((__StackLimit >= __HeapLimit), region RAM overflowed with stack)
LOAD obj\debug\src\startup_stm32l0xx.o
LOAD obj\debug\src\system_stm32l0xx.o
LOAD obj\debug\src\main.o
START GROUP
LOAD d:/embitz/1.11/share/em_armgcc/bin/../lib/gcc/arm-none-eabi/5.4.1/armv6-m\libgcc.a
LOAD d:/embitz/1.11/share/em_armgcc/bin/../lib/gcc/arm-none-eabi/5.4.1/../../../../arm-none-eabi/lib/armv6-m\libg_n.a
LOAD d:/embitz/1.11/share/em_armgcc/bin/../lib/gcc/arm-none-eabi/5.4.1/../../../../arm-none-eabi/lib/armv6-m\libc_n.a
END GROUP
START GROUP
LOAD d:/embitz/1.11/share/em_armgcc/bin/../lib/gcc/arm-none-eabi/5.4.1/armv6-m\libgcc.a
LOAD d:/embitz/1.11/share/em_armgcc/bin/../lib/gcc/arm-none-eabi/5.4.1/../../../../arm-none-eabi/lib/armv6-m\libc_n.a
LOAD d:/embitz/1.11/share/em_armgcc/bin/../lib/gcc/arm-none-eabi/5.4.1/../../../../arm-none-eabi/lib/armv6-m\libnosys_s.a
END GROUP
LOAD d:/embitz/1.11/share/em_armgcc/bin/../lib/gcc/arm-none-eabi/5.4.1/armv6-m/crtend.o
LOAD d:/embitz/1.11/share/em_armgcc/bin/../lib/gcc/arm-none-eabi/5.4.1/armv6-m/crtn.o
OUTPUT(bin\Debug\HSP2_hardware.elf elf32-littlearm)

.ARM.attributes
                0x00000000       0x28
 .ARM.attributes
                0x00000000       0x1e d:/embitz/1.11/share/em_armgcc/bin/../lib/gcc/arm-none-eabi/5.4.1/armv6-m/crti.o
 .ARM.attributes
                0x0000001e       0x2c d:/embitz/1.11/share/em_armgcc/bin/../lib/gcc/arm-none-eabi/5.4.1/armv6-m/crtbegin.o
 .ARM.attributes
                0x0000004a       0x1b d:/embitz/1.11/share/em_armgcc/bin/../lib/gcc/arm-none-eabi/5.4.1/../../../../arm-none-eabi/lib/armv6-m/crt0.o
 .ARM.attributes
                0x00000065       0x1b obj\debug\src\startup_stm32l0xx.o
 .ARM.attributes
                0x00000080       0x32 obj\debug\src\system_stm32l0xx.o
 .ARM.attributes
                0x000000b2       0x32 obj\debug\src\main.o
 .ARM.attributes
                0x000000e4       0x2c d:/embitz/1.11/share/em_armgcc/bin/../lib/gcc/arm-none-eabi/5.4.1/../../../../arm-none-eabi/lib/armv6-m\libg_n.a(lib_a-exit.o)
 .ARM.attributes
                0x00000110       0x2c d:/embitz/1.11/share/em_armgcc/bin/../lib/gcc/arm-none-eabi/5.4.1/../../../../arm-none-eabi/lib/armv6-m\libg_n.a(lib_a-impure.o)
 .ARM.attributes
                0x0000013c       0x2c d:/embitz/1.11/share/em_armgcc/bin/../lib/gcc/arm-none-eabi/5.4.1/../../../../arm-none-eabi/lib/armv6-m\libg_n.a(lib_a-init.o)
 .ARM.attributes
                0x00000168       0x2c d:/embitz/1.11/share/em_armgcc/bin/../lib/gcc/arm-none-eabi/5.4.1/../../../../arm-none-eabi/lib/armv6-m\libg_n.a(lib_a-memset.o)
 .ARM.attributes
                0x00000194       0x2c d:/embitz/1.11/share/em_armgcc/bin/../lib/gcc/arm-none-eabi/5.4.1/../../../../arm-none-eabi/lib/armv6-m\libnosys_s.a(_exit.o)
 .ARM.attributes
                0x000001c0       0x2c d:/embitz/1.11/share/em_armgcc/bin/../lib/gcc/arm-none-eabi/5.4.1/armv6-m/crtend.o
 .ARM.attributes
                0x000001ec       0x1e d:/embitz/1.11/share/em_armgcc/bin/../lib/gcc/arm-none-eabi/5.4.1/armv6-m/crtn.o

.comment        0x00000000       0x6e
 .comment       0x00000000       0x6e obj\debug\src\system_stm32l0xx.o
                                 0x6f (size before relaxing)
 .comment       0x0000006e       0x6f obj\debug\src\main.o

.debug_line     0x00000000      0x697
 .debug_line    0x00000000       0x90 obj\debug\src\startup_stm32l0xx.o
 .debug_line    0x00000090      0x242 obj\debug\src\system_stm32l0xx.o
 .debug_line    0x000002d2      0x3c5 obj\debug\src\main.o

.debug_info     0x00000000      0x7eb
 .debug_info    0x00000000       0x64 obj\debug\src\startup_stm32l0xx.o
 .debug_info    0x00000064      0x351 obj\debug\src\system_stm32l0xx.o
 .debug_info    0x000003b5      0x436 obj\debug\src\main.o

.debug_abbrev   0x00000000      0x1eb
 .debug_abbrev  0x00000000       0x14 obj\debug\src\startup_stm32l0xx.o
 .debug_abbrev  0x00000014       0xf3 obj\debug\src\system_stm32l0xx.o
 .debug_abbrev  0x00000107       0xe4 obj\debug\src\main.o

.debug_aranges  0x00000000      0x108
 .debug_aranges
                0x00000000       0x20 obj\debug\src\startup_stm32l0xx.o
 .debug_aranges
                0x00000020       0x28 obj\debug\src\system_stm32l0xx.o
 .debug_aranges
                0x00000048       0xc0 obj\debug\src\main.o

.debug_ranges   0x00000000       0xc8
 .debug_ranges  0x00000000       0x18 obj\debug\src\system_stm32l0xx.o
 .debug_ranges  0x00000018       0xb0 obj\debug\src\main.o

.debug_macro    0x00000000     0x5698
 .debug_macro   0x00000000       0xb8 obj\debug\src\system_stm32l0xx.o
 .debug_macro   0x000000b8      0x832 obj\debug\src\system_stm32l0xx.o
 .debug_macro   0x000008ea       0x28 obj\debug\src\system_stm32l0xx.o
 .debug_macro   0x00000912       0x3a obj\debug\src\system_stm32l0xx.o
 .debug_macro   0x0000094c       0x22 obj\debug\src\system_stm32l0xx.o
 .debug_macro   0x0000096e       0x87 obj\debug\src\system_stm32l0xx.o
 .debug_macro   0x000009f5       0x44 obj\debug\src\system_stm32l0xx.o
 .debug_macro   0x00000a39       0xfd obj\debug\src\system_stm32l0xx.o
 .debug_macro   0x00000b36       0x5e obj\debug\src\system_stm32l0xx.o
 .debug_macro   0x00000b94      0x1df obj\debug\src\system_stm32l0xx.o
 .debug_macro   0x00000d73      0x376 obj\debug\src\system_stm32l0xx.o
 .debug_macro   0x000010e9     0x450f obj\debug\src\system_stm32l0xx.o
 .debug_macro   0x000055f8       0xa0 obj\debug\src\main.o

.debug_str      0x00000000    0x1ce53
 .debug_str     0x00000000    0x1cce0 obj\debug\src\system_stm32l0xx.o
                              0x1cee2 (size before relaxing)
 .debug_str     0x0001cce0      0x173 obj\debug\src\main.o
                              0x1cf34 (size before relaxing)

.debug_frame    0x00000000      0x344
 .debug_frame   0x00000000       0x4c obj\debug\src\system_stm32l0xx.o
 .debug_frame   0x0000004c      0x264 obj\debug\src\main.o
 .debug_frame   0x000002b0       0x28 d:/embitz/1.11/share/em_armgcc/bin/../lib/gcc/arm-none-eabi/5.4.1/../../../../arm-none-eabi/lib/armv6-m\libg_n.a(lib_a-exit.o)
 .debug_frame   0x000002d8       0x2c d:/embitz/1.11/share/em_armgcc/bin/../lib/gcc/arm-none-eabi/5.4.1/../../../../arm-none-eabi/lib/armv6-m\libg_n.a(lib_a-init.o)
 .debug_frame   0x00000304       0x20 d:/embitz/1.11/share/em_armgcc/bin/../lib/gcc/arm-none-eabi/5.4.1/../../../../arm-none-eabi/lib/armv6-m\libg_n.a(lib_a-memset.o)
 .debug_frame   0x00000324       0x20 d:/embitz/1.11/share/em_armgcc/bin/../lib/gcc/arm-none-eabi/5.4.1/../../../../arm-none-eabi/lib/armv6-m\libnosys_s.a(_exit.o)
