Archive member included to satisfy reference by file (symbol)

d:/embitz/1.11/share/em_armgcc/bin/../lib/gcc/arm-none-eabi/5.4.1/armv6-m\libgcc.a(_udivsi3.o)
                              obj\release\drivers\stm32l0xx_hal_driver\src\stm32l0xx_hal.o (__aeabi_uidiv)
d:/embitz/1.11/share/em_armgcc/bin/../lib/gcc/arm-none-eabi/5.4.1/armv6-m\libgcc.a(_dvmd_tls.o)
                              d:/embitz/1.11/share/em_armgcc/bin/../lib/gcc/arm-none-eabi/5.4.1/armv6-m\libgcc.a(_udivsi3.o) (__aeabi_idiv0)
d:/embitz/1.11/share/em_armgcc/bin/../lib/gcc/arm-none-eabi/5.4.1/armv6-m\libgcc.a(_aeabi_uldivmod.o)
                              obj\release\drivers\stm32l0xx_hal_driver\src\stm32l0xx_hal_uart.o (__aeabi_uldivmod)
d:/embitz/1.11/share/em_armgcc/bin/../lib/gcc/arm-none-eabi/5.4.1/armv6-m\libgcc.a(_udivmoddi4.o)
                              d:/embitz/1.11/share/em_armgcc/bin/../lib/gcc/arm-none-eabi/5.4.1/armv6-m\libgcc.a(_aeabi_uldivmod.o) (__udivmoddi4)
d:/embitz/1.11/share/em_armgcc/bin/../lib/gcc/arm-none-eabi/5.4.1/armv6-m\libgcc.a(_clzdi2.o)
                              d:/embitz/1.11/share/em_armgcc/bin/../lib/gcc/arm-none-eabi/5.4.1/armv6-m\libgcc.a(_udivmoddi4.o) (__clzdi2)
d:/embitz/1.11/share/em_armgcc/bin/../lib/gcc/arm-none-eabi/5.4.1/armv6-m\libgcc.a(_clzsi2.o)
                              d:/embitz/1.11/share/em_armgcc/bin/../lib/gcc/arm-none-eabi/5.4.1/armv6-m\libgcc.a(_clzdi2.o) (__clzsi2)
d:/embitz/1.11/share/em_armgcc/bin/../lib/gcc/arm-none-eabi/5.4.1/../../../../arm-none-eabi/lib/armv6-m\libg_n.a(lib_a-exit.o)
                              d:/embitz/1.11/share/em_armgcc/bin/../lib/gcc/arm-none-eabi/5.4.1/../../../../arm-none-eabi/lib/armv6-m/crt0.o (exit)
d:/embitz/1.11/share/em_armgcc/bin/../lib/gcc/arm-none-eabi/5.4.1/../../../../arm-none-eabi/lib/armv6-m\libg_n.a(lib_a-impure.o)
                              d:/embitz/1.11/share/em_armgcc/bin/../lib/gcc/arm-none-eabi/5.4.1/../../../../arm-none-eabi/lib/armv6-m\libg_n.a(lib_a-exit.o) (_global_impure_ptr)
d:/embitz/1.11/share/em_armgcc/bin/../lib/gcc/arm-none-eabi/5.4.1/../../../../arm-none-eabi/lib/armv6-m\libg_n.a(lib_a-init.o)
                              d:/embitz/1.11/share/em_armgcc/bin/../lib/gcc/arm-none-eabi/5.4.1/../../../../arm-none-eabi/lib/armv6-m/crt0.o (__libc_init_array)
d:/embitz/1.11/share/em_armgcc/bin/../lib/gcc/arm-none-eabi/5.4.1/../../../../arm-none-eabi/lib/armv6-m\libg_n.a(lib_a-memset.o)
                              d:/embitz/1.11/share/em_armgcc/bin/../lib/gcc/arm-none-eabi/5.4.1/../../../../arm-none-eabi/lib/armv6-m/crt0.o (memset)
d:/embitz/1.11/share/em_armgcc/bin/../lib/gcc/arm-none-eabi/5.4.1/../../../../arm-none-eabi/lib/armv6-m\libnosys_s.a(_exit.o)
                              d:/embitz/1.11/share/em_armgcc/bin/../lib/gcc/arm-none-eabi/5.4.1/../../../../arm-none-eabi/lib/armv6-m\libg_n.a(lib_a-exit.o) (_exit)

Allocating common symbols
Common symbol       size              file

uwTick              0x4               obj\release\drivers\stm32l0xx_hal_driver\src\stm32l0xx_hal.o
pFlash              0x18              obj\release\drivers\stm32l0xx_hal_driver\src\stm32l0xx_hal_flash.o

Discarded input sections

 .text          0x00000000        0x0 d:/embitz/1.11/share/em_armgcc/bin/../lib/gcc/arm-none-eabi/5.4.1/armv6-m/crti.o
 .data          0x00000000        0x0 d:/embitz/1.11/share/em_armgcc/bin/../lib/gcc/arm-none-eabi/5.4.1/armv6-m/crti.o
 .bss           0x00000000        0x0 d:/embitz/1.11/share/em_armgcc/bin/../lib/gcc/arm-none-eabi/5.4.1/armv6-m/crti.o
 .data          0x00000000        0x4 d:/embitz/1.11/share/em_armgcc/bin/../lib/gcc/arm-none-eabi/5.4.1/armv6-m/crtbegin.o
 .data          0x00000000        0x0 d:/embitz/1.11/share/em_armgcc/bin/../lib/gcc/arm-none-eabi/5.4.1/../../../../arm-none-eabi/lib/armv6-m/crt0.o
 .bss           0x00000000        0x0 d:/embitz/1.11/share/em_armgcc/bin/../lib/gcc/arm-none-eabi/5.4.1/../../../../arm-none-eabi/lib/armv6-m/crt0.o
 .ARM.extab     0x00000000        0x0 d:/embitz/1.11/share/em_armgcc/bin/../lib/gcc/arm-none-eabi/5.4.1/../../../../arm-none-eabi/lib/armv6-m/crt0.o
 .text          0x00000000        0x0 obj\release\drivers\stm32l0xx_hal_driver\src\stm32l0xx_hal.o
 .data          0x00000000        0x0 obj\release\drivers\stm32l0xx_hal_driver\src\stm32l0xx_hal.o
 .bss           0x00000000        0x0 obj\release\drivers\stm32l0xx_hal_driver\src\stm32l0xx_hal.o
 .text.HAL_MspInit
                0x00000000        0x4 obj\release\drivers\stm32l0xx_hal_driver\src\stm32l0xx_hal.o
 .text.HAL_MspDeInit
                0x00000000        0x4 obj\release\drivers\stm32l0xx_hal_driver\src\stm32l0xx_hal.o
 .text.HAL_DeInit
                0x00000000       0x28 obj\release\drivers\stm32l0xx_hal_driver\src\stm32l0xx_hal.o
 .text.HAL_SuspendTick
                0x00000000       0x10 obj\release\drivers\stm32l0xx_hal_driver\src\stm32l0xx_hal.o
 .text.HAL_ResumeTick
                0x00000000       0x10 obj\release\drivers\stm32l0xx_hal_driver\src\stm32l0xx_hal.o
[...]
Memory Configuration

Name             Origin             Length             Attributes
ROM              0x08000000         0x00010000         xr
RAM              0x20000000         0x00002000         xrw
*default*        0x00000000         0xffffffff

Linker script and memory map

LOAD d:/embitz/1.11/share/em_armgcc/bin/../lib/gcc/arm-none-eabi/5.4.1/armv6-m/crti.o
LOAD d:/embitz/1.11/share/em_armgcc/bin/../lib/gcc/arm-none-eabi/5.4.1/armv6-m/crtbegin.o
LOAD d:/embitz/1.11/share/em_armgcc/bin/../lib/gcc/arm-none-eabi/5.4.1/../../../../arm-none-eabi/lib/armv6-m/crt0.o
                0x00000000                __HEAP_SIZE = 0x0
                0x00000100                __STACK_SIZE = 0x100

.text           0x08000000     0x1094
 *(.isr_vector)
 .isr_vector    0x08000000       0xc0 obj\release\src\startup_stm32l0xx.o
                0x08000000                __isr_vector
 *(.text*)
 .text          0x080000c0       0x60 d:/embitz/1.11/share/em_armgcc/bin/../lib/gcc/arm-none-eabi/5.4.1/armv6-m/crtbegin.o
 .text          0x08000120       0x78 d:/embitz/1.11/share/em_armgcc/bin/../lib/gcc/arm-none-eabi/5.4.1/../../../../arm-none-eabi/lib/armv6-m/crt0.o
                0x08000120                _start
                0x08000120                _mainCRTStartup
 .text.HAL_InitTick
                0x08000198       0x28 obj\release\drivers\stm32l0xx_hal_driver\src\stm32l0xx_hal.o
                0x08000198                HAL_InitTick
 .text.HAL_Init
                0x080001c0       0x20 obj\release\drivers\stm32l0xx_hal_driver\src\stm32l0xx_hal.o
                0x080001c0                HAL_Init
 .text.HAL_IncTick
                0x080001e0       0x10 obj\release\drivers\stm32l0xx_hal_driver\src\stm32l0xx_hal.o
                0x080001e0                HAL_IncTick
 .text.HAL_GetTick
                0x080001f0        0xc obj\release\drivers\stm32l0xx_hal_driver\src\stm32l0xx_hal.o
                0x080001f0                HAL_GetTick
 .text.HAL_Delay
                0x080001fc       0x1c obj\release\drivers\stm32l0xx_hal_driver\src\stm32l0xx_hal.o
                0x080001fc                HAL_Delay
 .text.HAL_NVIC_SetPriority
                0x08000218       0x68 obj\release\drivers\stm32l0xx_hal_driver\src\stm32l0xx_hal_cortex.o
                0x08000218                HAL_NVIC_SetPriority
 .text.HAL_SYSTICK_Config
                0x08000280       0x38 obj\release\drivers\stm32l0xx_hal_driver\src\stm32l0xx_hal_cortex.o
                0x08000280                HAL_SYSTICK_Config
 .text.HAL_SYSTICK_CLKSourceConfig
                0x080002b8       0x20 obj\release\drivers\stm32l0xx_hal_driver\src\stm32l0xx_hal_cortex.o
                0x080002b8                HAL_SYSTICK_CLKSourceConfig
 .text.HAL_SYSTICK_Callback
                0x080002d8        0x4 obj\release\drivers\stm32l0xx_hal_driver\src\stm32l0xx_hal_cortex.o
                0x080002d8                HAL_SYSTICK_Callback
 .text.HAL_SYSTICK_IRQHandler
                0x080002dc        0x8 obj\release\drivers\stm32l0xx_hal_driver\src\stm32l0xx_hal_cortex.o
                0x080002dc                HAL_SYSTICK_IRQHandler
 .text.HAL_GPIO_Init
                0x080002e4      0x1c8 obj\release\drivers\stm32l0xx_hal_driver\src\stm32l0xx_hal_gpio.o
                0x080002e4                HAL_GPIO_Init
 .text.HAL_GPIO_WritePin
                0x080004ac        0xc obj\release\drivers\stm32l0xx_hal_driver\src\stm32l0xx_hal_gpio.o
                0x080004ac                HAL_GPIO_WritePin
 .text.HAL_GPIO_TogglePin
                0x080004b8        0x8 obj\release\drivers\stm32l0xx_hal_driver\src\stm32l0xx_hal_gpio.o
                0x080004b8                HAL_GPIO_TogglePin
 .text.RCC_SetFlashLatencyFromMSIRange
                0x080004c0       0x80 obj\release\drivers\stm32l0xx_hal_driver\src\stm32l0xx_hal_rcc.o
 .text.HAL_RCC_OscConfig
                0x08000540      0x508 obj\release\drivers\stm32l0xx_hal_driver\src\stm32l0xx_hal_rcc.o
                0x08000540                HAL_RCC_OscConfig
 .text.HAL_RCC_GetSysClockFreq
                0x08000a48       0x84 obj\release\drivers\stm32l0xx_hal_driver\src\stm32l0xx_hal_rcc.o
                0x08000a48                HAL_RCC_GetSysClockFreq
 .text.HAL_RCC_ClockConfig
                0x08000acc      0x194 obj\release\drivers\stm32l0xx_hal_driver\src\stm32l0xx_hal_rcc.o
                0x08000acc                HAL_RCC_ClockConfig
 .text.HAL_RCC_GetHCLKFreq
                0x08000c60        0xc obj\release\drivers\stm32l0xx_hal_driver\src\stm32l0xx_hal_rcc.o
                0x08000c60                HAL_RCC_GetHCLKFreq
 .text.SystemClock_Config
                0x08000c6c       0x7c obj\release\src\main.o
                0x08000c6c                SystemClock_Config
 .text.startup.main
                0x08000ce8       0x84 obj\release\src\main.o
                0x08000ce8                main
 .text          0x08000d6c       0x90 obj\release\src\startup_stm32l0xx.o
                0x08000d6c                Reset_Handler
                0x08000db8                DebugMon_Handler
                0x08000dbe                WWDG_IRQHandler
                0x08000dc0                PVD_IRQHandler
                0x08000dc2                RTC_IRQHandler
                0x08000dc4                FLASH_IRQHandler
                0x08000dc6                RCC_CRS_IRQHandler
                0x08000dc8                EXTI0_1_IRQHandler
                0x08000dca                EXTI2_3_IRQHandler
                0x08000dcc                EXTI4_15_IRQHandler
                0x08000dce                TSC_IRQHandler
                0x08000dd0                DMA1_Channel1_IRQHandler
                0x08000dd2                DMA1_Channel2_3_IRQHandler
                0x08000dd4                DMA1_Channel4_5_6_7_IRQHandler
                0x08000dd6                ADC1_COMP_IRQHandler
                0x08000dd8                LPTIM1_IRQHandler
                0x08000dda                TIM2_IRQHandler
                0x08000ddc                TIM6_DAC_IRQHandler
                0x08000dde                TIM21_IRQHandler
                0x08000de0                TIM22_IRQHandler
                0x08000de2                I2C1_IRQHandler
                0x08000de4                I2C2_IRQHandler
                0x08000de6                SPI1_IRQHandler
                0x08000de8                SPI2_IRQHandler
                0x08000dea                USART1_IRQHandler
                0x08000dec                USART2_IRQHandler
                0x08000dee                AES_RNG_LPUART1_IRQHandler
                0x08000df0                LCD_IRQHandler
                0x08000df2                USB_IRQHandler
 .text.HAL_MspInit
                0x08000dfc       0x40 obj\release\src\stm32l0xx_hal_msp.o
                0x08000dfc                HAL_MspInit
 .text.NMI_Handler
                0x08000e3c        0x4 obj\release\src\stm32l0xx_it.o
                0x08000e3c                NMI_Handler
 .text.HardFault_Handler
                0x08000e40        0x4 obj\release\src\stm32l0xx_it.o
                0x08000e40                HardFault_Handler
 .text.SVC_Handler
                0x08000e44        0x4 obj\release\src\stm32l0xx_it.o
                0x08000e44                SVC_Handler
 .text.PendSV_Handler
                0x08000e48        0x4 obj\release\src\stm32l0xx_it.o
                0x08000e48                PendSV_Handler
 .text.SysTick_Handler
                0x08000e4c        0xc obj\release\src\stm32l0xx_it.o
                0x08000e4c                SysTick_Handler
 .text.SystemInit
                0x08000e58       0x5c obj\release\src\system_stm32l0xx.o
                0x08000e58                SystemInit
 .text          0x08000eb4      0x114 d:/embitz/1.11/share/em_armgcc/bin/../lib/gcc/arm-none-eabi/5.4.1/armv6-m\libgcc.a(_udivsi3.o)
                0x08000eb4                __aeabi_uidiv
                0x08000eb4                __udivsi3
                0x08000fc0                __aeabi_uidivmod
 .text          0x08000fc8        0x4 d:/embitz/1.11/share/em_armgcc/bin/../lib/gcc/arm-none-eabi/5.4.1/armv6-m\libgcc.a(_dvmd_tls.o)
                0x08000fc8                __aeabi_idiv0
                0x08000fc8                __aeabi_ldiv0
 .text.exit     0x08000fcc       0x2c d:/embitz/1.11/share/em_armgcc/bin/../lib/gcc/arm-none-eabi/5.4.1/../../../../arm-none-eabi/lib/armv6-m\libg_n.a(lib_a-exit.o)
                0x08000fcc                exit
 .text.__libc_init_array
                0x08000ff8       0x4c d:/embitz/1.11/share/em_armgcc/bin/../lib/gcc/arm-none-eabi/5.4.1/../../../../arm-none-eabi/lib/armv6-m\libg_n.a(lib_a-init.o)
                0x08000ff8                __libc_init_array
 .text.memset   0x08001044       0x10 d:/embitz/1.11/share/em_armgcc/bin/../lib/gcc/arm-none-eabi/5.4.1/../../../../arm-none-eabi/lib/armv6-m\libg_n.a(lib_a-memset.o)
                0x08001044                memset
 .text._exit    0x08001054        0x2 d:/embitz/1.11/share/em_armgcc/bin/../lib/gcc/arm-none-eabi/5.4.1/../../../../arm-none-eabi/lib/armv6-m\libnosys_s.a(_exit.o)
                0x08001054                _exit
 *(.init)
 *fill*         0x08001056        0x2 
 .init          0x08001058        0x4 d:/embitz/1.11/share/em_armgcc/bin/../lib/gcc/arm-none-eabi/5.4.1/armv6-m/crti.o
                0x08001058                _init
 .init          0x0800105c        0x8 d:/embitz/1.11/share/em_armgcc/bin/../lib/gcc/arm-none-eabi/5.4.1/armv6-m/crtn.o
 *(.fini)
 .fini          0x08001064        0x4 d:/embitz/1.11/share/em_armgcc/bin/../lib/gcc/arm-none-eabi/5.4.1/armv6-m/crti.o
                0x08001064                _fini
 .fini          0x08001068        0x8 d:/embitz/1.11/share/em_armgcc/bin/../lib/gcc/arm-none-eabi/5.4.1/armv6-m/crtn.o
 *crtbegin.o(.ctors)
 *crtbegin?.o(.ctors)
 *(EXCLUDE_FILE(*crtend.o *crtend?.o) .ctors)
 *(SORT(.ctors.*))
 *(.ctors)
 *crtbegin.o(.dtors)
 *crtbegin?.o(.dtors)
 *(EXCLUDE_FILE(*crtend.o *crtend?.o) .dtors)
 *(SORT(.dtors.*))
 *(.dtors)
 *(.rodata*)
 .rodata.AHBPrescTable
                0x08001070       0x10 obj\release\src\system_stm32l0xx.o
                0x08001070                AHBPrescTable
 .rodata.PLLMulTable
                0x08001080        0x9 obj\release\src\system_stm32l0xx.o
                0x08001080                PLLMulTable
 .rodata.str1.1
                0x08001089        0x2 d:/embitz/1.11/share/em_armgcc/bin/../lib/gcc/arm-none-eabi/5.4.1/../../../../arm-none-eabi/lib/armv6-m\libg_n.a(lib_a-impure.o)
 *fill*         0x0800108b        0x1 
 .rodata._global_impure_ptr
                0x0800108c        0x4 d:/embitz/1.11/share/em_armgcc/bin/../lib/gcc/arm-none-eabi/5.4.1/../../../../arm-none-eabi/lib/armv6-m\libg_n.a(lib_a-impure.o)
                0x0800108c                _global_impure_ptr
 *(.eh_frame*)
 .eh_frame      0x08001090        0x0 d:/embitz/1.11/share/em_armgcc/bin/../lib/gcc/arm-none-eabi/5.4.1/armv6-m/crtbegin.o
 .eh_frame      0x08001090        0x4 d:/embitz/1.11/share/em_armgcc/bin/../lib/gcc/arm-none-eabi/5.4.1/armv6-m/crtend.o

.glue_7         0x08001094        0x0
 .glue_7        0x08001094        0x0 linker stubs

.glue_7t        0x08001094        0x0
 .glue_7t       0x08001094        0x0 linker stubs

.vfp11_veneer   0x08001094        0x0
 .vfp11_veneer  0x08001094        0x0 linker stubs

.v4_bx          0x08001094        0x0
 .v4_bx         0x08001094        0x0 linker stubs

.iplt           0x08001094        0x0
 .iplt          0x08001094        0x0 d:/embitz/1.11/share/em_armgcc/bin/../lib/gcc/arm-none-eabi/5.4.1/armv6-m/crtbegin.o

.ARM.extab
 *(.ARM.extab* .gnu.linkonce.armextab.*)
                0x08001094                __exidx_start = .

.ARM.exidx      0x08001094        0x8
 *(.ARM.exidx* .gnu.linkonce.armexidx.*)
 .ARM.exidx     0x08001094        0x8 d:/embitz/1.11/share/em_armgcc/bin/../lib/gcc/arm-none-eabi/5.4.1/../../../../arm-none-eabi/lib/armv6-m/crt0.o
                0x0800109c                __exidx_end = .
                0x0800109c                __etext = .

.rel.dyn        0x0800109c        0x0
 .rel.iplt      0x0800109c        0x0 d:/embitz/1.11/share/em_armgcc/bin/../lib/gcc/arm-none-eabi/5.4.1/armv6-m/crtbegin.o

.data           0x20000000       0x6c load address 0x0800109c
                0x20000000                __data_start__ = .
 *(vtable)
 *(.data*)
 .data.SystemCoreClock
                0x20000000        0x4 obj\release\src\system_stm32l0xx.o
                0x20000000                SystemCoreClock
 .data.impure_data
                0x20000004       0x60 d:/embitz/1.11/share/em_armgcc/bin/../lib/gcc/arm-none-eabi/5.4.1/../../../../arm-none-eabi/lib/armv6-m\libg_n.a(lib_a-impure.o)
                0x20000064                . = ALIGN (0x4)
                0x20000064                PROVIDE (__preinit_array_start, .)
 *(.preinit_array)
                0x20000064                PROVIDE (__preinit_array_end, .)
                0x20000064                . = ALIGN (0x4)
                0x20000064                PROVIDE (__init_array_start, .)
 *(SORT(.init_array.*))
 *(.init_array)
 .init_array    0x20000064        0x4 d:/embitz/1.11/share/em_armgcc/bin/../lib/gcc/arm-none-eabi/5.4.1/armv6-m/crtbegin.o
                0x20000068                PROVIDE (__init_array_end, .)
                0x20000068                . = ALIGN (0x4)
                [!provide]                PROVIDE (__fini_array_start, .)
 *(SORT(.fini_array.*))
 *(.fini_array)
 .fini_array    0x20000068        0x4 d:/embitz/1.11/share/em_armgcc/bin/../lib/gcc/arm-none-eabi/5.4.1/armv6-m/crtbegin.o
                [!provide]                PROVIDE (__fini_array_end, .)
                0x2000006c                . = ALIGN (0x4)
                0x2000006c                __data_end__ = .

.jcr            0x2000006c        0x0 load address 0x08001108
 .jcr           0x2000006c        0x0 d:/embitz/1.11/share/em_armgcc/bin/../lib/gcc/arm-none-eabi/5.4.1/armv6-m/crtbegin.o

.igot.plt       0x2000006c        0x0 load address 0x08001108
 .igot.plt      0x2000006c        0x0 d:/embitz/1.11/share/em_armgcc/bin/../lib/gcc/arm-none-eabi/5.4.1/armv6-m/crtbegin.o

.bss            0x2000006c       0x20 load address 0x08001108
                0x2000006c                __bss_start__ = .
 *(.bss*)
 .bss           0x2000006c       0x1c d:/embitz/1.11/share/em_armgcc/bin/../lib/gcc/arm-none-eabi/5.4.1/armv6-m/crtbegin.o
 *(COMMON)
 COMMON         0x20000088        0x4 obj\release\drivers\stm32l0xx_hal_driver\src\stm32l0xx_hal.o
                0x20000088                uwTick
                0x2000008c                __bss_end__ = .

.heap           0x20000090        0x0
                0x20000090                __end__ = .
                0x20000090                end = __end__
 *(.heap*)
 .heap          0x20000090        0x0 obj\release\src\startup_stm32l0xx.o
                0x20000090                __HeapLimit = .

.stack_dummy    0x20000090      0x100
 *(.stack)
 .stack         0x20000090      0x100 obj\release\src\startup_stm32l0xx.o
                0x20002000                __StackTop = (ORIGIN (RAM) + LENGTH (RAM))
                0x20001f00                __StackLimit = (__StackTop - SIZEOF (.stack_dummy))
                0x20002000                PROVIDE (__stack, __StackTop)
                0x00000001                ASSERT ((__StackLimit >= __HeapLimit), region RAM overflowed with stack)
LOAD obj\release\drivers\stm32l0xx_hal_driver\src\stm32l0xx_hal.o
LOAD obj\release\drivers\stm32l0xx_hal_driver\src\stm32l0xx_hal_adc.o
LOAD obj\release\drivers\stm32l0xx_hal_driver\src\stm32l0xx_hal_adc_ex.o
LOAD obj\release\drivers\stm32l0xx_hal_driver\src\stm32l0xx_hal_comp.o
LOAD obj\release\drivers\stm32l0xx_hal_driver\src\stm32l0xx_hal_comp_ex.o
LOAD obj\release\drivers\stm32l0xx_hal_driver\src\stm32l0xx_hal_cortex.o
LOAD obj\release\drivers\stm32l0xx_hal_driver\src\stm32l0xx_hal_crc.o
LOAD obj\release\drivers\stm32l0xx_hal_driver\src\stm32l0xx_hal_crc_ex.o
LOAD obj\release\drivers\stm32l0xx_hal_driver\src\stm32l0xx_hal_cryp.o
LOAD obj\release\drivers\stm32l0xx_hal_driver\src\stm32l0xx_hal_cryp_ex.o
LOAD obj\release\drivers\stm32l0xx_hal_driver\src\stm32l0xx_hal_dac.o
LOAD obj\release\drivers\stm32l0xx_hal_driver\src\stm32l0xx_hal_dac_ex.o
LOAD obj\release\drivers\stm32l0xx_hal_driver\src\stm32l0xx_hal_dma.o
LOAD obj\release\drivers\stm32l0xx_hal_driver\src\stm32l0xx_hal_firewall.o
LOAD obj\release\drivers\stm32l0xx_hal_driver\src\stm32l0xx_hal_flash.o
LOAD obj\release\drivers\stm32l0xx_hal_driver\src\stm32l0xx_hal_flash_ex.o
LOAD obj\release\drivers\stm32l0xx_hal_driver\src\stm32l0xx_hal_flash_ramfunc.o
LOAD obj\release\drivers\stm32l0xx_hal_driver\src\stm32l0xx_hal_gpio.o
LOAD obj\release\drivers\stm32l0xx_hal_driver\src\stm32l0xx_hal_i2c.o
LOAD obj\release\drivers\stm32l0xx_hal_driver\src\stm32l0xx_hal_i2c_ex.o
LOAD obj\release\drivers\stm32l0xx_hal_driver\src\stm32l0xx_hal_i2s.o
LOAD obj\release\drivers\stm32l0xx_hal_driver\src\stm32l0xx_hal_irda.o
LOAD obj\release\drivers\stm32l0xx_hal_driver\src\stm32l0xx_hal_iwdg.o
LOAD obj\release\drivers\stm32l0xx_hal_driver\src\stm32l0xx_hal_lcd.o
LOAD obj\release\drivers\stm32l0xx_hal_driver\src\stm32l0xx_hal_lptim.o
LOAD obj\release\drivers\stm32l0xx_hal_driver\src\stm32l0xx_hal_pcd.o
LOAD obj\release\drivers\stm32l0xx_hal_driver\src\stm32l0xx_hal_pcd_ex.o
LOAD obj\release\drivers\stm32l0xx_hal_driver\src\stm32l0xx_hal_pwr.o
LOAD obj\release\drivers\stm32l0xx_hal_driver\src\stm32l0xx_hal_pwr_ex.o
LOAD obj\release\drivers\stm32l0xx_hal_driver\src\stm32l0xx_hal_rcc.o
LOAD obj\release\drivers\stm32l0xx_hal_driver\src\stm32l0xx_hal_rcc_ex.o
LOAD obj\release\drivers\stm32l0xx_hal_driver\src\stm32l0xx_hal_rng.o
LOAD obj\release\drivers\stm32l0xx_hal_driver\src\stm32l0xx_hal_rtc.o
LOAD obj\release\drivers\stm32l0xx_hal_driver\src\stm32l0xx_hal_rtc_ex.o
LOAD obj\release\drivers\stm32l0xx_hal_driver\src\stm32l0xx_hal_smartcard.o
LOAD obj\release\drivers\stm32l0xx_hal_driver\src\stm32l0xx_hal_smartcard_ex.o
LOAD obj\release\drivers\stm32l0xx_hal_driver\src\stm32l0xx_hal_smbus.o
LOAD obj\release\drivers\stm32l0xx_hal_driver\src\stm32l0xx_hal_spi.o
LOAD obj\release\drivers\stm32l0xx_hal_driver\src\stm32l0xx_hal_tim.o
LOAD obj\release\drivers\stm32l0xx_hal_driver\src\stm32l0xx_hal_tim_ex.o
LOAD obj\release\drivers\stm32l0xx_hal_driver\src\stm32l0xx_hal_tsc.o
LOAD obj\release\drivers\stm32l0xx_hal_driver\src\stm32l0xx_hal_uart.o
LOAD obj\release\drivers\stm32l0xx_hal_driver\src\stm32l0xx_hal_uart_ex.o
LOAD obj\release\drivers\stm32l0xx_hal_driver\src\stm32l0xx_hal_usart.o
LOAD obj\release\drivers\stm32l0xx_hal_driver\src\stm32l0xx_hal_wwdg.o
LOAD obj\release\drivers\stm32l0xx_hal_driver\src\stm32l0xx_ll_adc.o
LOAD obj\release\drivers\stm32l0xx_hal_driver\src\stm32l0xx_ll_comp.o
LOAD obj\release\drivers\stm32l0xx_hal_driver\src\stm32l0xx_ll_crc.o
LOAD obj\release\drivers\stm32l0xx_hal_driver\src\stm32l0xx_ll_crs.o
LOAD obj\release\drivers\stm32l0xx_hal_driver\src\stm32l0xx_ll_dac.o
LOAD obj\release\drivers\stm32l0xx_hal_driver\src\stm32l0xx_ll_dma.o
LOAD obj\release\drivers\stm32l0xx_hal_driver\src\stm32l0xx_ll_exti.o
LOAD obj\release\drivers\stm32l0xx_hal_driver\src\stm32l0xx_ll_gpio.o
LOAD obj\release\drivers\stm32l0xx_hal_driver\src\stm32l0xx_ll_i2c.o
LOAD obj\release\drivers\stm32l0xx_hal_driver\src\stm32l0xx_ll_lptim.o
LOAD obj\release\drivers\stm32l0xx_hal_driver\src\stm32l0xx_ll_lpuart.o
LOAD obj\release\drivers\stm32l0xx_hal_driver\src\stm32l0xx_ll_pwr.o
LOAD obj\release\drivers\stm32l0xx_hal_driver\src\stm32l0xx_ll_rcc.o
LOAD obj\release\drivers\stm32l0xx_hal_driver\src\stm32l0xx_ll_rng.o
LOAD obj\release\drivers\stm32l0xx_hal_driver\src\stm32l0xx_ll_rtc.o
LOAD obj\release\drivers\stm32l0xx_hal_driver\src\stm32l0xx_ll_spi.o
LOAD obj\release\drivers\stm32l0xx_hal_driver\src\stm32l0xx_ll_tim.o
LOAD obj\release\drivers\stm32l0xx_hal_driver\src\stm32l0xx_ll_usart.o
LOAD obj\release\drivers\stm32l0xx_hal_driver\src\stm32l0xx_ll_utils.o
LOAD obj\release\src\main.o
LOAD obj\release\src\startup_stm32l0xx.o
LOAD obj\release\src\stm32l0xx_hal_msp.o
LOAD obj\release\src\stm32l0xx_it.o
LOAD obj\release\src\system_stm32l0xx.o
START GROUP
LOAD d:/embitz/1.11/share/em_armgcc/bin/../lib/gcc/arm-none-eabi/5.4.1/armv6-m\libgcc.a
LOAD d:/embitz/1.11/share/em_armgcc/bin/../lib/gcc/arm-none-eabi/5.4.1/../../../../arm-none-eabi/lib/armv6-m\libg_n.a
LOAD d:/embitz/1.11/share/em_armgcc/bin/../lib/gcc/arm-none-eabi/5.4.1/../../../../arm-none-eabi/lib/armv6-m\libc_n.a
END GROUP
START GROUP
LOAD d:/embitz/1.11/share/em_armgcc/bin/../lib/gcc/arm-none-eabi/5.4.1/armv6-m\libgcc.a
LOAD d:/embitz/1.11/share/em_armgcc/bin/../lib/gcc/arm-none-eabi/5.4.1/../../../../arm-none-eabi/lib/armv6-m\libc_n.a
LOAD d:/embitz/1.11/share/em_armgcc/bin/../lib/gcc/arm-none-eabi/5.4.1/../../../../arm-none-eabi/lib/armv6-m\libnosys_s.a
END GROUP
LOAD d:/embitz/1.11/share/em_armgcc/bin/../lib/gcc/arm-none-eabi/5.4.1/armv6-m/crtend.o
LOAD d:/embitz/1.11/share/em_armgcc/bin/../lib/gcc/arm-none-eabi/5.4.1/armv6-m/crtn.o
OUTPUT(bin\Release\HSP2_CubeMX.elf elf32-littlearm)

.ARM.attributes
                0x00000000       0x28
 .ARM.attributes
                0x00000000       0x1e d:/embitz/1.11/share/em_armgcc/bin/../lib/gcc/arm-none-eabi/5.4.1/armv6-m/crti.o
 .ARM.attributes
                0x0000001e       0x2c d:/embitz/1.11/share/em_armgcc/bin/../lib/gcc/arm-none-eabi/5.4.1/armv6-m/crtbegin.o
 .ARM.attributes
                0x0000004a       0x1b d:/embitz/1.11/share/em_armgcc/bin/../lib/gcc/arm-none-eabi/5.4.1/../../../../arm-none-eabi/lib/armv6-m/crt0.o
 .ARM.attributes
                0x00000065       0x32 obj\release\drivers\stm32l0xx_hal_driver\src\stm32l0xx_hal.o
 .ARM.attributes
                0x00000097       0x32 obj\release\drivers\stm32l0xx_hal_driver\src\stm32l0xx_hal_cortex.o
 .ARM.attributes
                0x000000c9       0x32 obj\release\drivers\stm32l0xx_hal_driver\src\stm32l0xx_hal_gpio.o
 .ARM.attributes
                0x000000fb       0x32 obj\release\drivers\stm32l0xx_hal_driver\src\stm32l0xx_hal_rcc.o
 .ARM.attributes
                0x0000012d       0x32 obj\release\src\main.o
 .ARM.attributes
                0x0000015f       0x1b obj\release\src\startup_stm32l0xx.o
 .ARM.attributes
                0x0000017a       0x32 obj\release\src\stm32l0xx_hal_msp.o
 .ARM.attributes
                0x000001ac       0x32 obj\release\src\stm32l0xx_it.o
 .ARM.attributes
                0x000001de       0x32 obj\release\src\system_stm32l0xx.o
 .ARM.attributes
                0x00000210       0x1e d:/embitz/1.11/share/em_armgcc/bin/../lib/gcc/arm-none-eabi/5.4.1/armv6-m\libgcc.a(_udivsi3.o)
 .ARM.attributes
                0x0000022e       0x1e d:/embitz/1.11/share/em_armgcc/bin/../lib/gcc/arm-none-eabi/5.4.1/armv6-m\libgcc.a(_dvmd_tls.o)
 .ARM.attributes
                0x0000024c       0x2c d:/embitz/1.11/share/em_armgcc/bin/../lib/gcc/arm-none-eabi/5.4.1/../../../../arm-none-eabi/lib/armv6-m\libg_n.a(lib_a-exit.o)
 .ARM.attributes
                0x00000278       0x2c d:/embitz/1.11/share/em_armgcc/bin/../lib/gcc/arm-none-eabi/5.4.1/../../../../arm-none-eabi/lib/armv6-m\libg_n.a(lib_a-impure.o)
 .ARM.attributes
                0x000002a4       0x2c d:/embitz/1.11/share/em_armgcc/bin/../lib/gcc/arm-none-eabi/5.4.1/../../../../arm-none-eabi/lib/armv6-m\libg_n.a(lib_a-init.o)
 .ARM.attributes
                0x000002d0       0x2c d:/embitz/1.11/share/em_armgcc/bin/../lib/gcc/arm-none-eabi/5.4.1/../../../../arm-none-eabi/lib/armv6-m\libg_n.a(lib_a-memset.o)
 .ARM.attributes
                0x000002fc       0x2c d:/embitz/1.11/share/em_armgcc/bin/../lib/gcc/arm-none-eabi/5.4.1/../../../../arm-none-eabi/lib/armv6-m\libnosys_s.a(_exit.o)
 .ARM.attributes
                0x00000328       0x2c d:/embitz/1.11/share/em_armgcc/bin/../lib/gcc/arm-none-eabi/5.4.1/armv6-m/crtend.o
 .ARM.attributes
                0x00000354       0x1e d:/embitz/1.11/share/em_armgcc/bin/../lib/gcc/arm-none-eabi/5.4.1/armv6-m/crtn.o

.comment        0x00000000       0x6e
 .comment       0x00000000       0x6e obj\release\drivers\stm32l0xx_hal_driver\src\stm32l0xx_hal.o
                                 0x6f (size before relaxing)
 .comment       0x0000006e       0x6f obj\release\drivers\stm32l0xx_hal_driver\src\stm32l0xx_hal_cortex.o
 .comment       0x0000006e       0x6f obj\release\drivers\stm32l0xx_hal_driver\src\stm32l0xx_hal_gpio.o
 .comment       0x0000006e       0x6f obj\release\drivers\stm32l0xx_hal_driver\src\stm32l0xx_hal_rcc.o
 .comment       0x0000006e       0x6f obj\release\src\main.o
 .comment       0x0000006e       0x6f obj\release\src\stm32l0xx_hal_msp.o
 .comment       0x0000006e       0x6f obj\release\src\stm32l0xx_it.o
 .comment       0x0000006e       0x6f obj\release\src\system_stm32l0xx.o

.debug_info     0x00000000     0x30a6
 .debug_info    0x00000000      0x71b obj\release\drivers\stm32l0xx_hal_driver\src\stm32l0xx_hal.o
 .debug_info    0x0000071b      0x895 obj\release\drivers\stm32l0xx_hal_driver\src\stm32l0xx_hal_cortex.o
 .debug_info    0x00000fb0      0x63f obj\release\drivers\stm32l0xx_hal_driver\src\stm32l0xx_hal_gpio.o
 .debug_info    0x000015ef      0xaed obj\release\drivers\stm32l0xx_hal_driver\src\stm32l0xx_hal_rcc.o
 .debug_info    0x000020dc      0x81d obj\release\src\main.o
 .debug_info    0x000028f9       0x66 obj\release\src\startup_stm32l0xx.o
 .debug_info    0x0000295f      0x2f5 obj\release\src\stm32l0xx_hal_msp.o
 .debug_info    0x00002c54       0xe9 obj\release\src\stm32l0xx_it.o
 .debug_info    0x00002d3d      0x369 obj\release\src\system_stm32l0xx.o

.debug_abbrev   0x00000000      0xd62
 .debug_abbrev  0x00000000      0x218 obj\release\drivers\stm32l0xx_hal_driver\src\stm32l0xx_hal.o
 .debug_abbrev  0x00000218      0x288 obj\release\drivers\stm32l0xx_hal_driver\src\stm32l0xx_hal_cortex.o
 .debug_abbrev  0x000004a0      0x1b9 obj\release\drivers\stm32l0xx_hal_driver\src\stm32l0xx_hal_gpio.o
 .debug_abbrev  0x00000659      0x291 obj\release\drivers\stm32l0xx_hal_driver\src\stm32l0xx_hal_rcc.o
 .debug_abbrev  0x000008ea      0x1f2 obj\release\src\main.o
 .debug_abbrev  0x00000adc       0x14 obj\release\src\startup_stm32l0xx.o
 .debug_abbrev  0x00000af0       0xe6 obj\release\src\stm32l0xx_hal_msp.o
 .debug_abbrev  0x00000bd6       0x9c obj\release\src\stm32l0xx_it.o
 .debug_abbrev  0x00000c72       0xf0 obj\release\src\system_stm32l0xx.o

.debug_loc      0x00000000     0x101b
 .debug_loc     0x00000000       0xac obj\release\drivers\stm32l0xx_hal_driver\src\stm32l0xx_hal.o
 .debug_loc     0x000000ac      0x409 obj\release\drivers\stm32l0xx_hal_driver\src\stm32l0xx_hal_cortex.o
 .debug_loc     0x000004b5      0x39c obj\release\drivers\stm32l0xx_hal_driver\src\stm32l0xx_hal_gpio.o
 .debug_loc     0x00000851      0x634 obj\release\drivers\stm32l0xx_hal_driver\src\stm32l0xx_hal_rcc.o
 .debug_loc     0x00000e85      0x196 obj\release\src\system_stm32l0xx.o

.debug_aranges  0x00000000      0x300
 .debug_aranges
                0x00000000       0xd8 obj\release\drivers\stm32l0xx_hal_driver\src\stm32l0xx_hal.o
 .debug_aranges
                0x000000d8       0x80 obj\release\drivers\stm32l0xx_hal_driver\src\stm32l0xx_hal_cortex.o
 .debug_aranges
                0x00000158       0x58 obj\release\drivers\stm32l0xx_hal_driver\src\stm32l0xx_hal_gpio.o
 .debug_aranges
                0x000001b0       0x88 obj\release\drivers\stm32l0xx_hal_driver\src\stm32l0xx_hal_rcc.o
 .debug_aranges
                0x00000238       0x30 obj\release\src\main.o
 .debug_aranges
                0x00000268       0x20 obj\release\src\startup_stm32l0xx.o
 .debug_aranges
                0x00000288       0x20 obj\release\src\stm32l0xx_hal_msp.o
 .debug_aranges
                0x000002a8       0x30 obj\release\src\stm32l0xx_it.o
 .debug_aranges
                0x000002d8       0x28 obj\release\src\system_stm32l0xx.o

.debug_ranges   0x00000000      0x3a8
 .debug_ranges  0x00000000       0xc8 obj\release\drivers\stm32l0xx_hal_driver\src\stm32l0xx_hal.o
 .debug_ranges  0x000000c8       0xe8 obj\release\drivers\stm32l0xx_hal_driver\src\stm32l0xx_hal_cortex.o
 .debug_ranges  0x000001b0       0x48 obj\release\drivers\stm32l0xx_hal_driver\src\stm32l0xx_hal_gpio.o
 .debug_ranges  0x000001f8      0x120 obj\release\drivers\stm32l0xx_hal_driver\src\stm32l0xx_hal_rcc.o
 .debug_ranges  0x00000318       0x48 obj\release\src\main.o
 .debug_ranges  0x00000360       0x10 obj\release\src\stm32l0xx_hal_msp.o
 .debug_ranges  0x00000370       0x20 obj\release\src\stm32l0xx_it.o
 .debug_ranges  0x00000390       0x18 obj\release\src\system_stm32l0xx.o

.debug_line     0x00000000     0x1628
 .debug_line    0x00000000      0x3cf obj\release\drivers\stm32l0xx_hal_driver\src\stm32l0xx_hal.o
 .debug_line    0x000003cf      0x359 obj\release\drivers\stm32l0xx_hal_driver\src\stm32l0xx_hal_cortex.o
 .debug_line    0x00000728      0x333 obj\release\drivers\stm32l0xx_hal_driver\src\stm32l0xx_hal_gpio.o
 .debug_line    0x00000a5b      0x561 obj\release\drivers\stm32l0xx_hal_driver\src\stm32l0xx_hal_rcc.o
 .debug_line    0x00000fbc      0x214 obj\release\src\main.o
 .debug_line    0x000011d0       0x90 obj\release\src\startup_stm32l0xx.o
 .debug_line    0x00001260      0x166 obj\release\src\stm32l0xx_hal_msp.o
 .debug_line    0x000013c6       0xb8 obj\release\src\stm32l0xx_it.o
 .debug_line    0x0000147e      0x1aa obj\release\src\system_stm32l0xx.o

.debug_str      0x00000000      0xfc2
 .debug_str     0x00000000      0x6f2 obj\release\drivers\stm32l0xx_hal_driver\src\stm32l0xx_hal.o
                                0x73a (size before relaxing)
 .debug_str     0x000006f2      0x2c0 obj\release\drivers\stm32l0xx_hal_driver\src\stm32l0xx_hal_cortex.o
                                0x6a8 (size before relaxing)
 .debug_str     0x000009b2      0x1a6 obj\release\drivers\stm32l0xx_hal_driver\src\stm32l0xx_hal_gpio.o
                                0x45d (size before relaxing)
 .debug_str     0x00000b58      0x355 obj\release\drivers\stm32l0xx_hal_driver\src\stm32l0xx_hal_rcc.o
                                0x6c2 (size before relaxing)
 .debug_str     0x00000ead       0x54 obj\release\src\main.o
                                0x6c0 (size before relaxing)
 .debug_str     0x00000f01       0x24 obj\release\src\stm32l0xx_hal_msp.o
                                0x3d0 (size before relaxing)
 .debug_str     0x00000f25       0x44 obj\release\src\stm32l0xx_it.o
                                0x1e2 (size before relaxing)
 .debug_str     0x00000f69       0x59 obj\release\src\system_stm32l0xx.o
                                0x2e8 (size before relaxing)

.debug_frame    0x00000000      0x6b0
 .debug_frame   0x00000000      0x1c4 obj\release\drivers\stm32l0xx_hal_driver\src\stm32l0xx_hal.o
 .debug_frame   0x000001c4       0xf4 obj\release\drivers\stm32l0xx_hal_driver\src\stm32l0xx_hal_cortex.o
 .debug_frame   0x000002b8       0xd4 obj\release\drivers\stm32l0xx_hal_driver\src\stm32l0xx_hal_gpio.o
 .debug_frame   0x0000038c      0x158 obj\release\drivers\stm32l0xx_hal_driver\src\stm32l0xx_hal_rcc.o
 .debug_frame   0x000004e4       0x50 obj\release\src\main.o
 .debug_frame   0x00000534       0x28 obj\release\src\stm32l0xx_hal_msp.o
 .debug_frame   0x0000055c       0x68 obj\release\src\stm32l0xx_it.o
 .debug_frame   0x000005c4       0x38 obj\release\src\system_stm32l0xx.o
 .debug_frame   0x000005fc       0x20 d:/embitz/1.11/share/em_armgcc/bin/../lib/gcc/arm-none-eabi/5.4.1/armv6-m\libgcc.a(_udivsi3.o)
 .debug_frame   0x0000061c       0x28 d:/embitz/1.11/share/em_armgcc/bin/../lib/gcc/arm-none-eabi/5.4.1/../../../../arm-none-eabi/lib/armv6-m\libg_n.a(lib_a-exit.o)
 .debug_frame   0x00000644       0x2c d:/embitz/1.11/share/em_armgcc/bin/../lib/gcc/arm-none-eabi/5.4.1/../../../../arm-none-eabi/lib/armv6-m\libg_n.a(lib_a-init.o)
 .debug_frame   0x00000670       0x20 d:/embitz/1.11/share/em_armgcc/bin/../lib/gcc/arm-none-eabi/5.4.1/../../../../arm-none-eabi/lib/armv6-m\libg_n.a(lib_a-memset.o)
 .debug_frame   0x00000690       0x20 d:/embitz/1.11/share/em_armgcc/bin/../lib/gcc/arm-none-eabi/5.4.1/../../../../arm-none-eabi/lib/armv6-m\libnosys_s.a(_exit.o)
