Archive member included to satisfy reference by file (symbol)

d:/embitz/1.11/share/em_armgcc/bin/../lib/gcc/arm-none-eabi/5.4.1/../../../../arm-none-eabi/lib/armv6-m\librdimon_n.a(rdimon-syscalls.o)
                              d:/embitz/1.11/share/em_armgcc/bin/../lib/gcc/arm-none-eabi/5.4.1/../../../../arm-none-eabi/lib/armv6-m/rdimon-crt0.o (initialise_monitor_handles)
d:/embitz/1.11/share/em_armgcc/bin/../lib/gcc/arm-none-eabi/5.4.1/armv6-m\libgcc.a(_udivsi3.o)
                              obj\debug\drivers\cmsis\device\st\stm32l0xx\source\templates\system_stm32l0xx.o (__aeabi_uidiv)
d:/embitz/1.11/share/em_armgcc/bin/../lib/gcc/arm-none-eabi/5.4.1/armv6-m\libgcc.a(_dvmd_tls.o)
                              d:/embitz/1.11/share/em_armgcc/bin/../lib/gcc/arm-none-eabi/5.4.1/armv6-m\libgcc.a(_udivsi3.o) (__aeabi_idiv0)
d:/embitz/1.11/share/em_armgcc/bin/../lib/gcc/arm-none-eabi/5.4.1/../../../../arm-none-eabi/lib/armv6-m\libg_n.a(lib_a-errno.o)
                              d:/embitz/1.11/share/em_armgcc/bin/../lib/gcc/arm-none-eabi/5.4.1/../../../../arm-none-eabi/lib/armv6-m\librdimon_n.a(rdimon-syscalls.o) (__errno)
d:/embitz/1.11/share/em_armgcc/bin/../lib/gcc/arm-none-eabi/5.4.1/../../../../arm-none-eabi/lib/armv6-m\libg_n.a(lib_a-exit.o)
                              d:/embitz/1.11/share/em_armgcc/bin/../lib/gcc/arm-none-eabi/5.4.1/../../../../arm-none-eabi/lib/armv6-m/rdimon-crt0.o (exit)
d:/embitz/1.11/share/em_armgcc/bin/../lib/gcc/arm-none-eabi/5.4.1/../../../../arm-none-eabi/lib/armv6-m\libg_n.a(lib_a-findfp.o)
                              d:/embitz/1.11/share/em_armgcc/bin/../lib/gcc/arm-none-eabi/5.4.1/../../../../arm-none-eabi/lib/armv6-m\librdimon_n.a(rdimon-syscalls.o) (__sinit)
d:/embitz/1.11/share/em_armgcc/bin/../lib/gcc/arm-none-eabi/5.4.1/../../../../arm-none-eabi/lib/armv6-m\libg_n.a(lib_a-fwalk.o)
                              d:/embitz/1.11/share/em_armgcc/bin/../lib/gcc/arm-none-eabi/5.4.1/../../../../arm-none-eabi/lib/armv6-m\libg_n.a(lib_a-findfp.o) (_fwalk)
d:/embitz/1.11/share/em_armgcc/bin/../lib/gcc/arm-none-eabi/5.4.1/../../../../arm-none-eabi/lib/armv6-m\libg_n.a(lib_a-impure.o)
                              d:/embitz/1.11/share/em_armgcc/bin/../lib/gcc/arm-none-eabi/5.4.1/../../../../arm-none-eabi/lib/armv6-m\libg_n.a(lib_a-exit.o) (_global_impure_ptr)
d:/embitz/1.11/share/em_armgcc/bin/../lib/gcc/arm-none-eabi/5.4.1/../../../../arm-none-eabi/lib/armv6-m\libg_n.a(lib_a-init.o)
                              d:/embitz/1.11/share/em_armgcc/bin/../lib/gcc/arm-none-eabi/5.4.1/../../../../arm-none-eabi/lib/armv6-m/rdimon-crt0.o (__libc_init_array)
d:/embitz/1.11/share/em_armgcc/bin/../lib/gcc/arm-none-eabi/5.4.1/../../../../arm-none-eabi/lib/armv6-m\libg_n.a(lib_a-memset.o)
                              d:/embitz/1.11/share/em_armgcc/bin/../lib/gcc/arm-none-eabi/5.4.1/../../../../arm-none-eabi/lib/armv6-m/rdimon-crt0.o (memset)
d:/embitz/1.11/share/em_armgcc/bin/../lib/gcc/arm-none-eabi/5.4.1/../../../../arm-none-eabi/lib/armv6-m\libg_n.a(lib_a-nano-mallocr.o)
                              d:/embitz/1.11/share/em_armgcc/bin/../lib/gcc/arm-none-eabi/5.4.1/../../../../arm-none-eabi/lib/armv6-m\libg_n.a(lib_a-findfp.o) (_malloc_r)
d:/embitz/1.11/share/em_armgcc/bin/../lib/gcc/arm-none-eabi/5.4.1/../../../../arm-none-eabi/lib/armv6-m\libg_n.a(lib_a-sbrkr.o)
                              d:/embitz/1.11/share/em_armgcc/bin/../lib/gcc/arm-none-eabi/5.4.1/../../../../arm-none-eabi/lib/armv6-m\libg_n.a(lib_a-nano-mallocr.o) (_sbrk_r)
d:/embitz/1.11/share/em_armgcc/bin/../lib/gcc/arm-none-eabi/5.4.1/../../../../arm-none-eabi/lib/armv6-m\libg_n.a(lib_a-stdio.o)
                              d:/embitz/1.11/share/em_armgcc/bin/../lib/gcc/arm-none-eabi/5.4.1/../../../../arm-none-eabi/lib/armv6-m\libg_n.a(lib_a-findfp.o) (__sread)
d:/embitz/1.11/share/em_armgcc/bin/../lib/gcc/arm-none-eabi/5.4.1/../../../../arm-none-eabi/lib/armv6-m\libg_n.a(lib_a-strlen.o)
                              d:/embitz/1.11/share/em_armgcc/bin/../lib/gcc/arm-none-eabi/5.4.1/../../../../arm-none-eabi/lib/armv6-m\librdimon_n.a(rdimon-syscalls.o) (strlen)
d:/embitz/1.11/share/em_armgcc/bin/../lib/gcc/arm-none-eabi/5.4.1/../../../../arm-none-eabi/lib/armv6-m\libg_n.a(lib_a-writer.o)
                              d:/embitz/1.11/share/em_armgcc/bin/../lib/gcc/arm-none-eabi/5.4.1/../../../../arm-none-eabi/lib/armv6-m\libg_n.a(lib_a-stdio.o) (_write_r)
d:/embitz/1.11/share/em_armgcc/bin/../lib/gcc/arm-none-eabi/5.4.1/../../../../arm-none-eabi/lib/armv6-m\libg_n.a(lib_a-closer.o)
                              d:/embitz/1.11/share/em_armgcc/bin/../lib/gcc/arm-none-eabi/5.4.1/../../../../arm-none-eabi/lib/armv6-m\libg_n.a(lib_a-stdio.o) (_close_r)
d:/embitz/1.11/share/em_armgcc/bin/../lib/gcc/arm-none-eabi/5.4.1/../../../../arm-none-eabi/lib/armv6-m\libg_n.a(lib_a-fflush.o)
[...]
Memory Configuration

Name             Origin             Length             Attributes
ROM              0x08000000         0x00010000         xr
RAM              0x20000000         0x00002000         xrw
*default*        0x00000000         0xffffffff

Linker script and memory map

LOAD d:/embitz/1.11/share/em_armgcc/bin/../lib/gcc/arm-none-eabi/5.4.1/armv6-m/crti.o
LOAD d:/embitz/1.11/share/em_armgcc/bin/../lib/gcc/arm-none-eabi/5.4.1/armv6-m/crtbegin.o
LOAD d:/embitz/1.11/share/em_armgcc/bin/../lib/gcc/arm-none-eabi/5.4.1/../../../../arm-none-eabi/lib/armv6-m/rdimon-crt0.o
                0x00000000                __HEAP_SIZE = 0x0
                0x00000100                __STACK_SIZE = 0x100

.text           0x08000000     0x1814
 *(.isr_vector)
 .isr_vector    0x08000000       0xc0 obj\debug\src\startup_stm32l0xx.o
                0x08000000                __isr_vector
 *(.text*)
 .text          0x080000c0       0x60 d:/embitz/1.11/share/em_armgcc/bin/../lib/gcc/arm-none-eabi/5.4.1/armv6-m/crtbegin.o
 .text          0x08000120       0xec d:/embitz/1.11/share/em_armgcc/bin/../lib/gcc/arm-none-eabi/5.4.1/../../../../arm-none-eabi/lib/armv6-m/rdimon-crt0.o
                0x08000120                _start
                0x08000120                _mainCRTStartup
 .text.SystemInit
                0x0800020c       0x7c obj\debug\drivers\cmsis\device\st\stm32l0xx\source\templates\system_stm32l0xx.o
                0x0800020c                SystemInit
 .text.HAL_Init
                0x08000288       0x28 obj\debug\drivers\stm32l0xx_hal_driver\src\stm32l0xx_hal.o
                0x08000288                HAL_Init
 .text.HAL_InitTick
                0x080002b0       0x3c obj\debug\drivers\stm32l0xx_hal_driver\src\stm32l0xx_hal.o
                0x080002b0                HAL_InitTick
 .text.HAL_IncTick
                0x080002ec       0x18 obj\debug\drivers\stm32l0xx_hal_driver\src\stm32l0xx_hal.o
                0x080002ec                HAL_IncTick
 .text.HAL_GetTick
                0x08000304       0x14 obj\debug\drivers\stm32l0xx_hal_driver\src\stm32l0xx_hal.o
                0x08000304                HAL_GetTick
 .text.NVIC_SetPriority
                0x08000318       0xdc obj\debug\drivers\stm32l0xx_hal_driver\src\stm32l0xx_hal_cortex.o
 .text.SysTick_Config
                0x080003f4       0x4c obj\debug\drivers\stm32l0xx_hal_driver\src\stm32l0xx_hal_cortex.o
 .text.HAL_NVIC_SetPriority
                0x08000440       0x2c obj\debug\drivers\stm32l0xx_hal_driver\src\stm32l0xx_hal_cortex.o
                0x08000440                HAL_NVIC_SetPriority
 .text.HAL_SYSTICK_Config
                0x0800046c       0x1c obj\debug\drivers\stm32l0xx_hal_driver\src\stm32l0xx_hal_cortex.o
                0x0800046c                HAL_SYSTICK_Config
 .text.HAL_SYSTICK_CLKSourceConfig
                0x08000488       0x34 obj\debug\drivers\stm32l0xx_hal_driver\src\stm32l0xx_hal_cortex.o
                0x08000488                HAL_SYSTICK_CLKSourceConfig
 .text.HAL_SYSTICK_IRQHandler
                0x080004bc       0x10 obj\debug\drivers\stm32l0xx_hal_driver\src\stm32l0xx_hal_cortex.o
                0x080004bc                HAL_SYSTICK_IRQHandler
 .text.HAL_SYSTICK_Callback
                0x080004cc        0xc obj\debug\drivers\stm32l0xx_hal_driver\src\stm32l0xx_hal_cortex.o
                0x080004cc                HAL_SYSTICK_Callback
 .text.HAL_GPIO_Init
                0x080004d8      0x2ec obj\debug\drivers\stm32l0xx_hal_driver\src\stm32l0xx_hal_gpio.o
                0x080004d8                HAL_GPIO_Init
 .text.HAL_GPIO_WritePin
                0x080007c4       0x3c obj\debug\drivers\stm32l0xx_hal_driver\src\stm32l0xx_hal_gpio.o
                0x080007c4                HAL_GPIO_WritePin
 .text.HAL_RCC_OscConfig
                0x08000800      0x690 obj\debug\drivers\stm32l0xx_hal_driver\src\stm32l0xx_hal_rcc.o
                0x08000800                HAL_RCC_OscConfig
 .text.HAL_RCC_ClockConfig
                0x08000e90      0x234 obj\debug\drivers\stm32l0xx_hal_driver\src\stm32l0xx_hal_rcc.o
                0x08000e90                HAL_RCC_ClockConfig
 .text.HAL_RCC_GetSysClockFreq
                0x080010c4      0x100 obj\debug\drivers\stm32l0xx_hal_driver\src\stm32l0xx_hal_rcc.o
                0x080010c4                HAL_RCC_GetSysClockFreq
 .text.HAL_RCC_GetHCLKFreq
                0x080011c4       0x14 obj\debug\drivers\stm32l0xx_hal_driver\src\stm32l0xx_hal_rcc.o
                0x080011c4                HAL_RCC_GetHCLKFreq
 .text.RCC_SetFlashLatencyFromMSIRange
                0x080011d8       0xb0 obj\debug\drivers\stm32l0xx_hal_driver\src\stm32l0xx_hal_rcc.o
 .text.main     0x08001288       0x14 obj\debug\src\main.o
                0x08001288                main
 .text.SystemClock_Config
                0x0800129c       0xd0 obj\debug\src\main.o
                0x0800129c                SystemClock_Config
 .text.MX_GPIO_Init
                0x0800136c       0x60 obj\debug\src\main.o
 .text._Error_Handler
                0x080013cc        0xc obj\debug\src\main.o
                0x080013cc                _Error_Handler
 .text          0x080013d8       0x90 obj\debug\src\startup_stm32l0xx.o
                0x080013d8                Reset_Handler
                0x08001424                DebugMon_Handler
                0x0800142a                WWDG_IRQHandler
                0x0800142c                PVD_IRQHandler
                0x0800142e                RTC_IRQHandler
                0x08001430                FLASH_IRQHandler
                0x08001432                RCC_CRS_IRQHandler
                0x08001434                EXTI0_1_IRQHandler
                0x08001436                EXTI2_3_IRQHandler
                0x08001438                EXTI4_15_IRQHandler
                0x0800143a                TSC_IRQHandler
                0x0800143c                DMA1_Channel1_IRQHandler
                0x0800143e                DMA1_Channel2_3_IRQHandler
                0x08001440                DMA1_Channel4_5_6_7_IRQHandler
                0x08001442                ADC1_COMP_IRQHandler
                0x08001444                LPTIM1_IRQHandler
                0x08001446                TIM2_IRQHandler
                0x08001448                TIM6_DAC_IRQHandler
                0x0800144a                TIM21_IRQHandler
                0x0800144c                TIM22_IRQHandler
                0x0800144e                I2C1_IRQHandler
                0x08001450                I2C2_IRQHandler
                0x08001452                SPI1_IRQHandler
                0x08001454                SPI2_IRQHandler
                0x08001456                USART1_IRQHandler
                0x08001458                USART2_IRQHandler
                0x0800145a                AES_RNG_LPUART1_IRQHandler
                0x0800145c                LCD_IRQHandler
                0x0800145e                USB_IRQHandler
 .text.HAL_MspInit
                0x08001468       0x54 obj\debug\src\stm32l0xx_hal_msp.o
                0x08001468                HAL_MspInit
 .text.NMI_Handler
                0x080014bc        0xc obj\debug\src\stm32l0xx_it.o
                0x080014bc                NMI_Handler
 .text.HardFault_Handler
                0x080014c8        0x8 obj\debug\src\stm32l0xx_it.o
                0x080014c8                HardFault_Handler
 .text.SVC_Handler
                0x080014d0        0xc obj\debug\src\stm32l0xx_it.o
                0x080014d0                SVC_Handler
 .text.PendSV_Handler
                0x080014dc        0xc obj\debug\src\stm32l0xx_it.o
                0x080014dc                PendSV_Handler
 .text.SysTick_Handler
                0x080014e8       0x14 obj\debug\src\stm32l0xx_it.o
                0x080014e8                SysTick_Handler
 .text.initialise_monitor_handles
                0x080014fc       0x98 d:/embitz/1.11/share/em_armgcc/bin/../lib/gcc/arm-none-eabi/5.4.1/../../../../arm-none-eabi/lib/armv6-m\librdimon_n.a(rdimon-syscalls.o)
                0x080014fc                initialise_monitor_handles
 .text          0x08001594      0x114 d:/embitz/1.11/share/em_armgcc/bin/../lib/gcc/arm-none-eabi/5.4.1/armv6-m\libgcc.a(_udivsi3.o)
                0x08001594                __aeabi_uidiv
                0x08001594                __udivsi3
                0x080016a0                __aeabi_uidivmod
 .text          0x080016a8        0x4 d:/embitz/1.11/share/em_armgcc/bin/../lib/gcc/arm-none-eabi/5.4.1/armv6-m\libgcc.a(_dvmd_tls.o)
                0x080016a8                __aeabi_idiv0
                0x080016a8                __aeabi_ldiv0
 .text.exit     0x080016ac       0x2c d:/embitz/1.11/share/em_armgcc/bin/../lib/gcc/arm-none-eabi/5.4.1/../../../../arm-none-eabi/lib/armv6-m\libg_n.a(lib_a-exit.o)
                0x080016ac                exit
 .text.__libc_init_array
                0x080016d8       0x4c d:/embitz/1.11/share/em_armgcc/bin/../lib/gcc/arm-none-eabi/5.4.1/../../../../arm-none-eabi/lib/armv6-m\libg_n.a(lib_a-init.o)
                0x080016d8                __libc_init_array
 .text.memset   0x08001724       0x10 d:/embitz/1.11/share/em_armgcc/bin/../lib/gcc/arm-none-eabi/5.4.1/../../../../arm-none-eabi/lib/armv6-m\libg_n.a(lib_a-memset.o)
                0x08001724                memset
 .text._exit    0x08001734        0xc d:/embitz/1.11/share/em_armgcc/bin/../lib/gcc/arm-none-eabi/5.4.1/../../../../arm-none-eabi/lib/armv6-m\librdimon_n.a(rdimon-_exit.o)
                0x08001734                _exit
 .text._kill    0x08001740       0x24 d:/embitz/1.11/share/em_armgcc/bin/../lib/gcc/arm-none-eabi/5.4.1/../../../../arm-none-eabi/lib/armv6-m\librdimon_n.a(rdimon-_kill.o)
                0x08001740                _kill
 *(.init)
 .init          0x08001764        0x4 d:/embitz/1.11/share/em_armgcc/bin/../lib/gcc/arm-none-eabi/5.4.1/armv6-m/crti.o
                0x08001764                _init
 .init          0x08001768        0x8 d:/embitz/1.11/share/em_armgcc/bin/../lib/gcc/arm-none-eabi/5.4.1/armv6-m/crtn.o
 *(.fini)
 .fini          0x08001770        0x4 d:/embitz/1.11/share/em_armgcc/bin/../lib/gcc/arm-none-eabi/5.4.1/armv6-m/crti.o
                0x08001770                _fini
 .fini          0x08001774        0x8 d:/embitz/1.11/share/em_armgcc/bin/../lib/gcc/arm-none-eabi/5.4.1/armv6-m/crtn.o
 *crtbegin.o(.ctors)
 *crtbegin?.o(.ctors)
 *(EXCLUDE_FILE(*crtend.o *crtend?.o) .ctors)
 *(SORT(.ctors.*))
 *(.ctors)
 *crtbegin.o(.dtors)
 *crtbegin?.o(.dtors)
 *(EXCLUDE_FILE(*crtend.o *crtend?.o) .dtors)
 *(SORT(.dtors.*))
 *(.dtors)
 *(.rodata*)
 .rodata.AHBPrescTable
                0x0800177c       0x10 obj\debug\drivers\cmsis\device\st\stm32l0xx\source\templates\system_stm32l0xx.o
                0x0800177c                AHBPrescTable
 .rodata.PLLMulTable
                0x0800178c        0x9 obj\debug\drivers\cmsis\device\st\stm32l0xx\source\templates\system_stm32l0xx.o
                0x0800178c                PLLMulTable
 *fill*         0x08001795        0x3 
 .rodata        0x08001798        0xb obj\debug\src\main.o
 .rodata.str1.1
                0x080017a3        0x4 d:/embitz/1.11/share/em_armgcc/bin/../lib/gcc/arm-none-eabi/5.4.1/../../../../arm-none-eabi/lib/armv6-m\librdimon_n.a(rdimon-syscalls.o)
 *fill*         0x080017a7        0x1 
 .rodata.__sf_fake_stdin
                0x080017a8       0x20 d:/embitz/1.11/share/em_armgcc/bin/../lib/gcc/arm-none-eabi/5.4.1/../../../../arm-none-eabi/lib/armv6-m\libg_n.a(lib_a-findfp.o)
                0x080017a8                __sf_fake_stdin
 .rodata.__sf_fake_stdout
                0x080017c8       0x20 d:/embitz/1.11/share/em_armgcc/bin/../lib/gcc/arm-none-eabi/5.4.1/../../../../arm-none-eabi/lib/armv6-m\libg_n.a(lib_a-findfp.o)
                0x080017c8                __sf_fake_stdout
 .rodata.__sf_fake_stderr
                0x080017e8       0x20 d:/embitz/1.11/share/em_armgcc/bin/../lib/gcc/arm-none-eabi/5.4.1/../../../../arm-none-eabi/lib/armv6-m\libg_n.a(lib_a-findfp.o)
                0x080017e8                __sf_fake_stderr
 .rodata.str1.1
                0x08001808        0x2 d:/embitz/1.11/share/em_armgcc/bin/../lib/gcc/arm-none-eabi/5.4.1/../../../../arm-none-eabi/lib/armv6-m\libg_n.a(lib_a-impure.o)
 *fill*         0x0800180a        0x2 
 .rodata._global_impure_ptr
                0x0800180c        0x4 d:/embitz/1.11/share/em_armgcc/bin/../lib/gcc/arm-none-eabi/5.4.1/../../../../arm-none-eabi/lib/armv6-m\libg_n.a(lib_a-impure.o)
                0x0800180c                _global_impure_ptr
 *(.eh_frame*)
 .eh_frame      0x08001810        0x0 d:/embitz/1.11/share/em_armgcc/bin/../lib/gcc/arm-none-eabi/5.4.1/armv6-m/crtbegin.o
 .eh_frame      0x08001810        0x4 d:/embitz/1.11/share/em_armgcc/bin/../lib/gcc/arm-none-eabi/5.4.1/armv6-m/crtend.o

.glue_7         0x08001814        0x0
 .glue_7        0x08001814        0x0 linker stubs

.glue_7t        0x08001814        0x0
 .glue_7t       0x08001814        0x0 linker stubs

.vfp11_veneer   0x08001814        0x0
 .vfp11_veneer  0x08001814        0x0 linker stubs

.v4_bx          0x08001814        0x0
 .v4_bx         0x08001814        0x0 linker stubs

.iplt           0x08001814        0x0
 .iplt          0x08001814        0x0 d:/embitz/1.11/share/em_armgcc/bin/../lib/gcc/arm-none-eabi/5.4.1/armv6-m/crtbegin.o

.ARM.extab
 *(.ARM.extab* .gnu.linkonce.armextab.*)
                0x08001814                __exidx_start = .

.ARM.exidx      0x08001814        0x8
 *(.ARM.exidx* .gnu.linkonce.armexidx.*)
 .ARM.exidx     0x08001814        0x8 d:/embitz/1.11/share/em_armgcc/bin/../lib/gcc/arm-none-eabi/5.4.1/../../../../arm-none-eabi/lib/armv6-m/rdimon-crt0.o
                0x0800181c                __exidx_end = .
                0x0800181c                __etext = .

.rel.dyn        0x0800181c        0x0
 .rel.iplt      0x0800181c        0x0 d:/embitz/1.11/share/em_armgcc/bin/../lib/gcc/arm-none-eabi/5.4.1/armv6-m/crtbegin.o

.data           0x20000000      0x180 load address 0x0800181c
                0x20000000                __data_start__ = .
 *(vtable)
 *(.data*)
 .data          0x20000000      0x110 d:/embitz/1.11/share/em_armgcc/bin/../lib/gcc/arm-none-eabi/5.4.1/../../../../arm-none-eabi/lib/armv6-m/rdimon-crt0.o
                0x20000008                __stack_base__
 .data.SystemCoreClock
                0x20000110        0x4 obj\debug\drivers\cmsis\device\st\stm32l0xx\source\templates\system_stm32l0xx.o
                0x20000110                SystemCoreClock
 .data.__heap_limit
                0x20000114        0x4 d:/embitz/1.11/share/em_armgcc/bin/../lib/gcc/arm-none-eabi/5.4.1/../../../../arm-none-eabi/lib/armv6-m\librdimon_n.a(rdimon-syscalls.o)
                0x20000114                __heap_limit
 .data.impure_data
                0x20000118       0x60 d:/embitz/1.11/share/em_armgcc/bin/../lib/gcc/arm-none-eabi/5.4.1/../../../../arm-none-eabi/lib/armv6-m\libg_n.a(lib_a-impure.o)
                0x20000178                . = ALIGN (0x4)
                0x20000178                PROVIDE (__preinit_array_start, .)
 *(.preinit_array)
                0x20000178                PROVIDE (__preinit_array_end, .)
                0x20000178                . = ALIGN (0x4)
                0x20000178                PROVIDE (__init_array_start, .)
 *(SORT(.init_array.*))
 *(.init_array)
 .init_array    0x20000178        0x4 d:/embitz/1.11/share/em_armgcc/bin/../lib/gcc/arm-none-eabi/5.4.1/armv6-m/crtbegin.o
                0x2000017c                PROVIDE (__init_array_end, .)
                0x2000017c                . = ALIGN (0x4)
                [!provide]                PROVIDE (__fini_array_start, .)
 *(SORT(.fini_array.*))
 *(.fini_array)
 .fini_array    0x2000017c        0x4 d:/embitz/1.11/share/em_armgcc/bin/../lib/gcc/arm-none-eabi/5.4.1/armv6-m/crtbegin.o
                [!provide]                PROVIDE (__fini_array_end, .)
                0x20000180                . = ALIGN (0x4)
                0x20000180                __data_end__ = .

.jcr            0x20000180        0x0 load address 0x0800199c
 .jcr           0x20000180        0x0 d:/embitz/1.11/share/em_armgcc/bin/../lib/gcc/arm-none-eabi/5.4.1/armv6-m/crtbegin.o

.igot.plt       0x20000180        0x0 load address 0x0800199c
 .igot.plt      0x20000180        0x0 d:/embitz/1.11/share/em_armgcc/bin/../lib/gcc/arm-none-eabi/5.4.1/armv6-m/crtbegin.o

.bss            0x20000180       0xcc load address 0x0800199c
                0x20000180                __bss_start__ = .
 *(.bss*)
 .bss           0x20000180       0x1c d:/embitz/1.11/share/em_armgcc/bin/../lib/gcc/arm-none-eabi/5.4.1/armv6-m/crtbegin.o
 .bss.monitor_stdout
                0x2000019c        0x4 d:/embitz/1.11/share/em_armgcc/bin/../lib/gcc/arm-none-eabi/5.4.1/../../../../arm-none-eabi/lib/armv6-m\librdimon_n.a(rdimon-syscalls.o)
 .bss.monitor_stdin
                0x200001a0        0x4 d:/embitz/1.11/share/em_armgcc/bin/../lib/gcc/arm-none-eabi/5.4.1/../../../../arm-none-eabi/lib/armv6-m\librdimon_n.a(rdimon-syscalls.o)
 .bss.monitor_stderr
                0x200001a4        0x4 d:/embitz/1.11/share/em_armgcc/bin/../lib/gcc/arm-none-eabi/5.4.1/../../../../arm-none-eabi/lib/armv6-m\librdimon_n.a(rdimon-syscalls.o)
 .bss.openfiles
                0x200001a8       0xa0 d:/embitz/1.11/share/em_armgcc/bin/../lib/gcc/arm-none-eabi/5.4.1/../../../../arm-none-eabi/lib/armv6-m\librdimon_n.a(rdimon-syscalls.o)
 *(COMMON)
 COMMON         0x20000248        0x4 obj\debug\drivers\stm32l0xx_hal_driver\src\stm32l0xx_hal.o
                0x20000248                uwTick
                0x2000024c                __bss_end__ = .

.heap           0x20000250        0x0
                0x20000250                __end__ = .
                0x20000250                end = __end__
 *(.heap*)
 .heap          0x20000250        0x0 obj\debug\src\startup_stm32l0xx.o
                0x20000250                __HeapLimit = .

.stack_dummy    0x20000250      0x100
 *(.stack)
 .stack         0x20000250      0x100 obj\debug\src\startup_stm32l0xx.o
                0x20002000                __StackTop = (ORIGIN (RAM) + LENGTH (RAM))
                0x20001f00                __StackLimit = (__StackTop - SIZEOF (.stack_dummy))
                [!provide]                PROVIDE (__stack, __StackTop)
                0x00000001                ASSERT ((__StackLimit >= __HeapLimit), region RAM overflowed with stack)
LOAD obj\debug\drivers\cmsis\device\st\stm32l0xx\source\templates\system_stm32l0xx.o
LOAD obj\debug\drivers\stm32l0xx_hal_driver\src\stm32l0xx_hal.o
LOAD obj\debug\drivers\stm32l0xx_hal_driver\src\stm32l0xx_hal_adc.o
LOAD obj\debug\drivers\stm32l0xx_hal_driver\src\stm32l0xx_hal_adc_ex.o
LOAD obj\debug\drivers\stm32l0xx_hal_driver\src\stm32l0xx_hal_comp.o
LOAD obj\debug\drivers\stm32l0xx_hal_driver\src\stm32l0xx_hal_comp_ex.o
LOAD obj\debug\drivers\stm32l0xx_hal_driver\src\stm32l0xx_hal_cortex.o
LOAD obj\debug\drivers\stm32l0xx_hal_driver\src\stm32l0xx_hal_crc.o
LOAD obj\debug\drivers\stm32l0xx_hal_driver\src\stm32l0xx_hal_crc_ex.o
LOAD obj\debug\drivers\stm32l0xx_hal_driver\src\stm32l0xx_hal_cryp.o
LOAD obj\debug\drivers\stm32l0xx_hal_driver\src\stm32l0xx_hal_cryp_ex.o
LOAD obj\debug\drivers\stm32l0xx_hal_driver\src\stm32l0xx_hal_dac.o
LOAD obj\debug\drivers\stm32l0xx_hal_driver\src\stm32l0xx_hal_dac_ex.o
LOAD obj\debug\drivers\stm32l0xx_hal_driver\src\stm32l0xx_hal_dma.o
LOAD obj\debug\drivers\stm32l0xx_hal_driver\src\stm32l0xx_hal_firewall.o
LOAD obj\debug\drivers\stm32l0xx_hal_driver\src\stm32l0xx_hal_flash.o
LOAD obj\debug\drivers\stm32l0xx_hal_driver\src\stm32l0xx_hal_flash_ex.o
LOAD obj\debug\drivers\stm32l0xx_hal_driver\src\stm32l0xx_hal_flash_ramfunc.o
LOAD obj\debug\drivers\stm32l0xx_hal_driver\src\stm32l0xx_hal_gpio.o
LOAD obj\debug\drivers\stm32l0xx_hal_driver\src\stm32l0xx_hal_i2c.o
LOAD obj\debug\drivers\stm32l0xx_hal_driver\src\stm32l0xx_hal_i2c_ex.o
LOAD obj\debug\drivers\stm32l0xx_hal_driver\src\stm32l0xx_hal_i2s.o
LOAD obj\debug\drivers\stm32l0xx_hal_driver\src\stm32l0xx_hal_irda.o
LOAD obj\debug\drivers\stm32l0xx_hal_driver\src\stm32l0xx_hal_iwdg.o
LOAD obj\debug\drivers\stm32l0xx_hal_driver\src\stm32l0xx_hal_lcd.o
LOAD obj\debug\drivers\stm32l0xx_hal_driver\src\stm32l0xx_hal_lptim.o
LOAD obj\debug\drivers\stm32l0xx_hal_driver\src\stm32l0xx_hal_pcd.o
LOAD obj\debug\drivers\stm32l0xx_hal_driver\src\stm32l0xx_hal_pcd_ex.o
LOAD obj\debug\drivers\stm32l0xx_hal_driver\src\stm32l0xx_hal_pwr.o
LOAD obj\debug\drivers\stm32l0xx_hal_driver\src\stm32l0xx_hal_pwr_ex.o
LOAD obj\debug\drivers\stm32l0xx_hal_driver\src\stm32l0xx_hal_rcc.o
LOAD obj\debug\drivers\stm32l0xx_hal_driver\src\stm32l0xx_hal_rcc_ex.o
LOAD obj\debug\drivers\stm32l0xx_hal_driver\src\stm32l0xx_hal_rng.o
LOAD obj\debug\drivers\stm32l0xx_hal_driver\src\stm32l0xx_hal_rtc.o
LOAD obj\debug\drivers\stm32l0xx_hal_driver\src\stm32l0xx_hal_rtc_ex.o
LOAD obj\debug\drivers\stm32l0xx_hal_driver\src\stm32l0xx_hal_smartcard.o
LOAD obj\debug\drivers\stm32l0xx_hal_driver\src\stm32l0xx_hal_smartcard_ex.o
LOAD obj\debug\drivers\stm32l0xx_hal_driver\src\stm32l0xx_hal_smbus.o
LOAD obj\debug\drivers\stm32l0xx_hal_driver\src\stm32l0xx_hal_spi.o
LOAD obj\debug\drivers\stm32l0xx_hal_driver\src\stm32l0xx_hal_tim.o
LOAD obj\debug\drivers\stm32l0xx_hal_driver\src\stm32l0xx_hal_tim_ex.o
LOAD obj\debug\drivers\stm32l0xx_hal_driver\src\stm32l0xx_hal_tsc.o
LOAD obj\debug\drivers\stm32l0xx_hal_driver\src\stm32l0xx_hal_uart.o
LOAD obj\debug\drivers\stm32l0xx_hal_driver\src\stm32l0xx_hal_uart_ex.o
LOAD obj\debug\drivers\stm32l0xx_hal_driver\src\stm32l0xx_hal_usart.o
LOAD obj\debug\drivers\stm32l0xx_hal_driver\src\stm32l0xx_hal_wwdg.o
LOAD obj\debug\drivers\stm32l0xx_hal_driver\src\stm32l0xx_ll_adc.o
LOAD obj\debug\drivers\stm32l0xx_hal_driver\src\stm32l0xx_ll_comp.o
LOAD obj\debug\drivers\stm32l0xx_hal_driver\src\stm32l0xx_ll_crc.o
LOAD obj\debug\drivers\stm32l0xx_hal_driver\src\stm32l0xx_ll_crs.o
LOAD obj\debug\drivers\stm32l0xx_hal_driver\src\stm32l0xx_ll_dac.o
LOAD obj\debug\drivers\stm32l0xx_hal_driver\src\stm32l0xx_ll_dma.o
LOAD obj\debug\drivers\stm32l0xx_hal_driver\src\stm32l0xx_ll_exti.o
LOAD obj\debug\drivers\stm32l0xx_hal_driver\src\stm32l0xx_ll_gpio.o
LOAD obj\debug\drivers\stm32l0xx_hal_driver\src\stm32l0xx_ll_i2c.o
LOAD obj\debug\drivers\stm32l0xx_hal_driver\src\stm32l0xx_ll_lptim.o
LOAD obj\debug\drivers\stm32l0xx_hal_driver\src\stm32l0xx_ll_lpuart.o
LOAD obj\debug\drivers\stm32l0xx_hal_driver\src\stm32l0xx_ll_pwr.o
LOAD obj\debug\drivers\stm32l0xx_hal_driver\src\stm32l0xx_ll_rcc.o
LOAD obj\debug\drivers\stm32l0xx_hal_driver\src\stm32l0xx_ll_rng.o
LOAD obj\debug\drivers\stm32l0xx_hal_driver\src\stm32l0xx_ll_rtc.o
LOAD obj\debug\drivers\stm32l0xx_hal_driver\src\stm32l0xx_ll_spi.o
LOAD obj\debug\drivers\stm32l0xx_hal_driver\src\stm32l0xx_ll_tim.o
LOAD obj\debug\drivers\stm32l0xx_hal_driver\src\stm32l0xx_ll_usart.o
LOAD obj\debug\drivers\stm32l0xx_hal_driver\src\stm32l0xx_ll_utils.o
LOAD obj\debug\src\main.o
LOAD obj\debug\src\startup_stm32l0xx.o
LOAD obj\debug\src\stm32l0xx_hal_msp.o
LOAD obj\debug\src\stm32l0xx_it.o
LOAD obj\debug\src\system_stm32l0xx.o
LOAD d:/embitz/1.11/share/em_armgcc/bin/../lib/gcc/arm-none-eabi/5.4.1/../../../../arm-none-eabi/lib/armv6-m\librdimon_n.a
START GROUP
LOAD d:/embitz/1.11/share/em_armgcc/bin/../lib/gcc/arm-none-eabi/5.4.1/armv6-m\libgcc.a
LOAD d:/embitz/1.11/share/em_armgcc/bin/../lib/gcc/arm-none-eabi/5.4.1/../../../../arm-none-eabi/lib/armv6-m\libg_n.a
LOAD d:/embitz/1.11/share/em_armgcc/bin/../lib/gcc/arm-none-eabi/5.4.1/../../../../arm-none-eabi/lib/armv6-m\libc_n.a
END GROUP
START GROUP
LOAD d:/embitz/1.11/share/em_armgcc/bin/../lib/gcc/arm-none-eabi/5.4.1/armv6-m\libgcc.a
LOAD d:/embitz/1.11/share/em_armgcc/bin/../lib/gcc/arm-none-eabi/5.4.1/../../../../arm-none-eabi/lib/armv6-m\libc_n.a
LOAD d:/embitz/1.11/share/em_armgcc/bin/../lib/gcc/arm-none-eabi/5.4.1/../../../../arm-none-eabi/lib/armv6-m\librdimon_n.a
LOAD d:/embitz/1.11/share/em_armgcc/bin/../lib/gcc/arm-none-eabi/5.4.1/../../../../arm-none-eabi/lib/armv6-m\libnosys_s.a
END GROUP
START GROUP
LOAD d:/embitz/1.11/share/em_armgcc/bin/../lib/gcc/arm-none-eabi/5.4.1/armv6-m\libgcc.a
LOAD d:/embitz/1.11/share/em_armgcc/bin/../lib/gcc/arm-none-eabi/5.4.1/../../../../arm-none-eabi/lib/armv6-m\libc_n.a
LOAD d:/embitz/1.11/share/em_armgcc/bin/../lib/gcc/arm-none-eabi/5.4.1/../../../../arm-none-eabi/lib/armv6-m\librdimon_n.a
END GROUP
LOAD d:/embitz/1.11/share/em_armgcc/bin/../lib/gcc/arm-none-eabi/5.4.1/armv6-m/crtend.o
LOAD d:/embitz/1.11/share/em_armgcc/bin/../lib/gcc/arm-none-eabi/5.4.1/armv6-m/crtn.o
OUTPUT(bin\Debug\HSP2_CubeMX.elf elf32-littlearm)

.ARM.attributes
                0x00000000       0x28
 .ARM.attributes
                0x00000000       0x1e d:/embitz/1.11/share/em_armgcc/bin/../lib/gcc/arm-none-eabi/5.4.1/armv6-m/crti.o
 .ARM.attributes
                0x0000001e       0x2c d:/embitz/1.11/share/em_armgcc/bin/../lib/gcc/arm-none-eabi/5.4.1/armv6-m/crtbegin.o
 .ARM.attributes
                0x0000004a       0x1b d:/embitz/1.11/share/em_armgcc/bin/../lib/gcc/arm-none-eabi/5.4.1/../../../../arm-none-eabi/lib/armv6-m/rdimon-crt0.o
 .ARM.attributes
                0x00000065       0x32 obj\debug\drivers\cmsis\device\st\stm32l0xx\source\templates\system_stm32l0xx.o
 .ARM.attributes
                0x00000097       0x32 obj\debug\drivers\stm32l0xx_hal_driver\src\stm32l0xx_hal.o
 .ARM.attributes
                0x000000c9       0x32 obj\debug\drivers\stm32l0xx_hal_driver\src\stm32l0xx_hal_cortex.o
 .ARM.attributes
                0x000000fb       0x32 obj\debug\drivers\stm32l0xx_hal_driver\src\stm32l0xx_hal_gpio.o
 .ARM.attributes
                0x0000012d       0x32 obj\debug\drivers\stm32l0xx_hal_driver\src\stm32l0xx_hal_rcc.o
 .ARM.attributes
                0x0000015f       0x32 obj\debug\src\main.o
 .ARM.attributes
                0x00000191       0x1b obj\debug\src\startup_stm32l0xx.o
 .ARM.attributes
                0x000001ac       0x32 obj\debug\src\stm32l0xx_hal_msp.o
 .ARM.attributes
                0x000001de       0x32 obj\debug\src\stm32l0xx_it.o
 .ARM.attributes
                0x00000210       0x2c d:/embitz/1.11/share/em_armgcc/bin/../lib/gcc/arm-none-eabi/5.4.1/../../../../arm-none-eabi/lib/armv6-m\librdimon_n.a(rdimon-syscalls.o)
 .ARM.attributes
                0x0000023c       0x1e d:/embitz/1.11/share/em_armgcc/bin/../lib/gcc/arm-none-eabi/5.4.1/armv6-m\libgcc.a(_udivsi3.o)
 .ARM.attributes
                0x0000025a       0x1e d:/embitz/1.11/share/em_armgcc/bin/../lib/gcc/arm-none-eabi/5.4.1/armv6-m\libgcc.a(_dvmd_tls.o)
 .ARM.attributes
                0x00000278       0x2c d:/embitz/1.11/share/em_armgcc/bin/../lib/gcc/arm-none-eabi/5.4.1/../../../../arm-none-eabi/lib/armv6-m\libg_n.a(lib_a-exit.o)
 .ARM.attributes
                0x000002a4       0x2c d:/embitz/1.11/share/em_armgcc/bin/../lib/gcc/arm-none-eabi/5.4.1/../../../../arm-none-eabi/lib/armv6-m\libg_n.a(lib_a-findfp.o)
 .ARM.attributes
                0x000002d0       0x2c d:/embitz/1.11/share/em_armgcc/bin/../lib/gcc/arm-none-eabi/5.4.1/../../../../arm-none-eabi/lib/armv6-m\libg_n.a(lib_a-impure.o)
 .ARM.attributes
                0x000002fc       0x2c d:/embitz/1.11/share/em_armgcc/bin/../lib/gcc/arm-none-eabi/5.4.1/../../../../arm-none-eabi/lib/armv6-m\libg_n.a(lib_a-init.o)
 .ARM.attributes
                0x00000328       0x2c d:/embitz/1.11/share/em_armgcc/bin/../lib/gcc/arm-none-eabi/5.4.1/../../../../arm-none-eabi/lib/armv6-m\libg_n.a(lib_a-memset.o)
 .ARM.attributes
                0x00000354       0x2c d:/embitz/1.11/share/em_armgcc/bin/../lib/gcc/arm-none-eabi/5.4.1/../../../../arm-none-eabi/lib/armv6-m\librdimon_n.a(rdimon-_exit.o)
 .ARM.attributes
                0x00000380       0x2c d:/embitz/1.11/share/em_armgcc/bin/../lib/gcc/arm-none-eabi/5.4.1/../../../../arm-none-eabi/lib/armv6-m\librdimon_n.a(rdimon-_kill.o)
 .ARM.attributes
                0x000003ac       0x2c d:/embitz/1.11/share/em_armgcc/bin/../lib/gcc/arm-none-eabi/5.4.1/armv6-m/crtend.o
 .ARM.attributes
                0x000003d8       0x1e d:/embitz/1.11/share/em_armgcc/bin/../lib/gcc/arm-none-eabi/5.4.1/armv6-m/crtn.o

.comment        0x00000000       0x6e
 .comment       0x00000000       0x6e obj\debug\drivers\cmsis\device\st\stm32l0xx\source\templates\system_stm32l0xx.o
                                 0x6f (size before relaxing)
 .comment       0x0000006e       0x6f obj\debug\drivers\stm32l0xx_hal_driver\src\stm32l0xx_hal.o
 .comment       0x0000006e       0x6f obj\debug\drivers\stm32l0xx_hal_driver\src\stm32l0xx_hal_cortex.o
 .comment       0x0000006e       0x6f obj\debug\drivers\stm32l0xx_hal_driver\src\stm32l0xx_hal_gpio.o
 .comment       0x0000006e       0x6f obj\debug\drivers\stm32l0xx_hal_driver\src\stm32l0xx_hal_rcc.o
 .comment       0x0000006e       0x6f obj\debug\src\main.o
 .comment       0x0000006e       0x6f obj\debug\src\stm32l0xx_hal_msp.o
 .comment       0x0000006e       0x6f obj\debug\src\stm32l0xx_it.o

.debug_info     0x00000000     0x2a52
 .debug_info    0x00000000      0x368 obj\debug\drivers\cmsis\device\st\stm32l0xx\source\templates\system_stm32l0xx.o
 .debug_info    0x00000368      0x6ad obj\debug\drivers\stm32l0xx_hal_driver\src\stm32l0xx_hal.o
 .debug_info    0x00000a15      0x7af obj\debug\drivers\stm32l0xx_hal_driver\src\stm32l0xx_hal_cortex.o
 .debug_info    0x000011c4      0x638 obj\debug\drivers\stm32l0xx_hal_driver\src\stm32l0xx_hal_gpio.o
 .debug_info    0x000017fc      0x89d obj\debug\drivers\stm32l0xx_hal_driver\src\stm32l0xx_hal_rcc.o
 .debug_info    0x00002099      0x5eb obj\debug\src\main.o
 .debug_info    0x00002684       0x62 obj\debug\src\startup_stm32l0xx.o
 .debug_info    0x000026e6      0x292 obj\debug\src\stm32l0xx_hal_msp.o
 .debug_info    0x00002978       0xda obj\debug\src\stm32l0xx_it.o

.debug_abbrev   0x00000000      0xb60
 .debug_abbrev  0x00000000       0xf3 obj\debug\drivers\cmsis\device\st\stm32l0xx\source\templates\system_stm32l0xx.o
 .debug_abbrev  0x000000f3      0x1d2 obj\debug\drivers\stm32l0xx_hal_driver\src\stm32l0xx_hal.o
 .debug_abbrev  0x000002c5      0x259 obj\debug\drivers\stm32l0xx_hal_driver\src\stm32l0xx_hal_cortex.o
 .debug_abbrev  0x0000051e      0x1ad obj\debug\drivers\stm32l0xx_hal_driver\src\stm32l0xx_hal_gpio.o
 .debug_abbrev  0x000006cb      0x207 obj\debug\drivers\stm32l0xx_hal_driver\src\stm32l0xx_hal_rcc.o
 .debug_abbrev  0x000008d2      0x16b obj\debug\src\main.o
 .debug_abbrev  0x00000a3d       0x14 obj\debug\src\startup_stm32l0xx.o
 .debug_abbrev  0x00000a51       0xb2 obj\debug\src\stm32l0xx_hal_msp.o
 .debug_abbrev  0x00000b03       0x5d obj\debug\src\stm32l0xx_it.o

.debug_aranges  0x00000000      0x368
 .debug_aranges
                0x00000000       0x28 obj\debug\drivers\cmsis\device\st\stm32l0xx\source\templates\system_stm32l0xx.o
 .debug_aranges
                0x00000028       0xe0 obj\debug\drivers\stm32l0xx_hal_driver\src\stm32l0xx_hal.o
 .debug_aranges
                0x00000108       0xc8 obj\debug\drivers\stm32l0xx_hal_driver\src\stm32l0xx_hal_cortex.o
 .debug_aranges
                0x000001d0       0x58 obj\debug\drivers\stm32l0xx_hal_driver\src\stm32l0xx_hal_gpio.o
 .debug_aranges
                0x00000228       0x88 obj\debug\drivers\stm32l0xx_hal_driver\src\stm32l0xx_hal_rcc.o
 .debug_aranges
                0x000002b0       0x38 obj\debug\src\main.o
 .debug_aranges
                0x000002e8       0x20 obj\debug\src\startup_stm32l0xx.o
 .debug_aranges
                0x00000308       0x20 obj\debug\src\stm32l0xx_hal_msp.o
 .debug_aranges
                0x00000328       0x40 obj\debug\src\stm32l0xx_it.o

.debug_ranges   0x00000000      0x2c8
 .debug_ranges  0x00000000       0x18 obj\debug\drivers\cmsis\device\st\stm32l0xx\source\templates\system_stm32l0xx.o
 .debug_ranges  0x00000018       0xd0 obj\debug\drivers\stm32l0xx_hal_driver\src\stm32l0xx_hal.o
 .debug_ranges  0x000000e8       0xb8 obj\debug\drivers\stm32l0xx_hal_driver\src\stm32l0xx_hal_cortex.o
 .debug_ranges  0x000001a0       0x48 obj\debug\drivers\stm32l0xx_hal_driver\src\stm32l0xx_hal_gpio.o
 .debug_ranges  0x000001e8       0x78 obj\debug\drivers\stm32l0xx_hal_driver\src\stm32l0xx_hal_rcc.o
 .debug_ranges  0x00000260       0x28 obj\debug\src\main.o
 .debug_ranges  0x00000288       0x10 obj\debug\src\stm32l0xx_hal_msp.o
 .debug_ranges  0x00000298       0x30 obj\debug\src\stm32l0xx_it.o

.debug_macro    0x00000000    0x107ee
 .debug_macro   0x00000000       0xc4 obj\debug\drivers\cmsis\device\st\stm32l0xx\source\templates\system_stm32l0xx.o
 .debug_macro   0x000000c4      0x838 obj\debug\drivers\cmsis\device\st\stm32l0xx\source\templates\system_stm32l0xx.o
 .debug_macro   0x000008fc       0x2e obj\debug\drivers\cmsis\device\st\stm32l0xx\source\templates\system_stm32l0xx.o
 .debug_macro   0x0000092a       0x28 obj\debug\drivers\cmsis\device\st\stm32l0xx\source\templates\system_stm32l0xx.o
 .debug_macro   0x00000952       0x3a obj\debug\drivers\cmsis\device\st\stm32l0xx\source\templates\system_stm32l0xx.o
 .debug_macro   0x0000098c       0x22 obj\debug\drivers\cmsis\device\st\stm32l0xx\source\templates\system_stm32l0xx.o
 .debug_macro   0x000009ae       0x87 obj\debug\drivers\cmsis\device\st\stm32l0xx\source\templates\system_stm32l0xx.o
 .debug_macro   0x00000a35       0x44 obj\debug\drivers\cmsis\device\st\stm32l0xx\source\templates\system_stm32l0xx.o
 .debug_macro   0x00000a79       0xfd obj\debug\drivers\cmsis\device\st\stm32l0xx\source\templates\system_stm32l0xx.o
 .debug_macro   0x00000b76       0x5e obj\debug\drivers\cmsis\device\st\stm32l0xx\source\templates\system_stm32l0xx.o
 .debug_macro   0x00000bd4      0x1df obj\debug\drivers\cmsis\device\st\stm32l0xx\source\templates\system_stm32l0xx.o
 .debug_macro   0x00000db3      0x375 obj\debug\drivers\cmsis\device\st\stm32l0xx\source\templates\system_stm32l0xx.o
 .debug_macro   0x00001128     0x8202 obj\debug\drivers\cmsis\device\st\stm32l0xx\source\templates\system_stm32l0xx.o
 .debug_macro   0x0000932a       0x3c obj\debug\drivers\cmsis\device\st\stm32l0xx\source\templates\system_stm32l0xx.o
 .debug_macro   0x00009366      0x2e1 obj\debug\drivers\stm32l0xx_hal_driver\src\stm32l0xx_hal.o
 .debug_macro   0x00009647       0x10 obj\debug\drivers\stm32l0xx_hal_driver\src\stm32l0xx_hal.o
 .debug_macro   0x00009657       0x91 obj\debug\drivers\stm32l0xx_hal_driver\src\stm32l0xx_hal.o
 .debug_macro   0x000096e8     0x3455 obj\debug\drivers\stm32l0xx_hal_driver\src\stm32l0xx_hal.o
 .debug_macro   0x0000cb3d       0x52 obj\debug\drivers\stm32l0xx_hal_driver\src\stm32l0xx_hal.o
 .debug_macro   0x0000cb8f       0x35 obj\debug\drivers\stm32l0xx_hal_driver\src\stm32l0xx_hal.o
 .debug_macro   0x0000cbc4       0x9c obj\debug\drivers\stm32l0xx_hal_driver\src\stm32l0xx_hal.o
 .debug_macro   0x0000cc60       0x16 obj\debug\drivers\stm32l0xx_hal_driver\src\stm32l0xx_hal.o
 .debug_macro   0x0000cc76       0x97 obj\debug\drivers\stm32l0xx_hal_driver\src\stm32l0xx_hal.o
 .debug_macro   0x0000cd0d      0x30d obj\debug\drivers\stm32l0xx_hal_driver\src\stm32l0xx_hal.o
 .debug_macro   0x0000d01a       0xfd obj\debug\drivers\stm32l0xx_hal_driver\src\stm32l0xx_hal.o
 .debug_macro   0x0000d117       0x10 obj\debug\drivers\stm32l0xx_hal_driver\src\stm32l0xx_hal.o
 .debug_macro   0x0000d127       0x52 obj\debug\drivers\stm32l0xx_hal_driver\src\stm32l0xx_hal.o
 .debug_macro   0x0000d179       0x1f obj\debug\drivers\stm32l0xx_hal_driver\src\stm32l0xx_hal.o
 .debug_macro   0x0000d198       0x43 obj\debug\drivers\stm32l0xx_hal_driver\src\stm32l0xx_hal.o
 .debug_macro   0x0000d1db       0x20 obj\debug\drivers\stm32l0xx_hal_driver\src\stm32l0xx_hal.o
 .debug_macro   0x0000d1fb      0x187 obj\debug\drivers\stm32l0xx_hal_driver\src\stm32l0xx_hal.o
 .debug_macro   0x0000d382       0x10 obj\debug\drivers\stm32l0xx_hal_driver\src\stm32l0xx_hal.o
 .debug_macro   0x0000d392       0x1c obj\debug\drivers\stm32l0xx_hal_driver\src\stm32l0xx_hal.o
 .debug_macro   0x0000d3ae       0x52 obj\debug\drivers\stm32l0xx_hal_driver\src\stm32l0xx_hal.o
 .debug_macro   0x0000d400       0x40 obj\debug\drivers\stm32l0xx_hal_driver\src\stm32l0xx_hal.o
 .debug_macro   0x0000d440       0x10 obj\debug\drivers\stm32l0xx_hal_driver\src\stm32l0xx_hal.o
 .debug_macro   0x0000d450       0x40 obj\debug\drivers\stm32l0xx_hal_driver\src\stm32l0xx_hal.o
 .debug_macro   0x0000d490       0xd7 obj\debug\drivers\stm32l0xx_hal_driver\src\stm32l0xx_hal.o
 .debug_macro   0x0000d567       0x16 obj\debug\drivers\stm32l0xx_hal_driver\src\stm32l0xx_hal.o
 .debug_macro   0x0000d57d      0x189 obj\debug\drivers\stm32l0xx_hal_driver\src\stm32l0xx_hal.o
 .debug_macro   0x0000d706       0x57 obj\debug\drivers\stm32l0xx_hal_driver\src\stm32l0xx_hal.o
 .debug_macro   0x0000d75d      0x8aa obj\debug\drivers\stm32l0xx_hal_driver\src\stm32l0xx_hal.o
 .debug_macro   0x0000e007      0x625 obj\debug\drivers\stm32l0xx_hal_driver\src\stm32l0xx_hal.o
 .debug_macro   0x0000e62c      0x14b obj\debug\drivers\stm32l0xx_hal_driver\src\stm32l0xx_hal.o
 .debug_macro   0x0000e777      0x168 obj\debug\drivers\stm32l0xx_hal_driver\src\stm32l0xx_hal.o
 .debug_macro   0x0000e8df      0x279 obj\debug\drivers\stm32l0xx_hal_driver\src\stm32l0xx_hal.o
 .debug_macro   0x0000eb58      0x1ed obj\debug\drivers\stm32l0xx_hal_driver\src\stm32l0xx_hal.o
 .debug_macro   0x0000ed45      0x128 obj\debug\drivers\stm32l0xx_hal_driver\src\stm32l0xx_hal.o
 .debug_macro   0x0000ee6d      0x2b6 obj\debug\drivers\stm32l0xx_hal_driver\src\stm32l0xx_hal.o
 .debug_macro   0x0000f123      0x202 obj\debug\drivers\stm32l0xx_hal_driver\src\stm32l0xx_hal.o
 .debug_macro   0x0000f325       0x5b obj\debug\drivers\stm32l0xx_hal_driver\src\stm32l0xx_hal.o
 .debug_macro   0x0000f380       0x90 obj\debug\drivers\stm32l0xx_hal_driver\src\stm32l0xx_hal.o
 .debug_macro   0x0000f410      0x187 obj\debug\drivers\stm32l0xx_hal_driver\src\stm32l0xx_hal.o
 .debug_macro   0x0000f597       0x16 obj\debug\drivers\stm32l0xx_hal_driver\src\stm32l0xx_hal.o
 .debug_macro   0x0000f5ad      0x13f obj\debug\drivers\stm32l0xx_hal_driver\src\stm32l0xx_hal.o
 .debug_macro   0x0000f6ec      0x2bd obj\debug\drivers\stm32l0xx_hal_driver\src\stm32l0xx_hal_cortex.o
 .debug_macro   0x0000f9a9      0x2f5 obj\debug\drivers\stm32l0xx_hal_driver\src\stm32l0xx_hal_gpio.o
 .debug_macro   0x0000fc9e      0x30b obj\debug\drivers\stm32l0xx_hal_driver\src\stm32l0xx_hal_rcc.o
 .debug_macro   0x0000ffa9      0x2c1 obj\debug\src\main.o
 .debug_macro   0x0001026a      0x2bd obj\debug\src\stm32l0xx_hal_msp.o
 .debug_macro   0x00010527      0x2c7 obj\debug\src\stm32l0xx_it.o

.debug_line     0x00000000     0x3265
 .debug_line    0x00000000      0x2c8 obj\debug\drivers\cmsis\device\st\stm32l0xx\source\templates\system_stm32l0xx.o
 .debug_line    0x000002c8      0x754 obj\debug\drivers\stm32l0xx_hal_driver\src\stm32l0xx_hal.o
 .debug_line    0x00000a1c      0x787 obj\debug\drivers\stm32l0xx_hal_driver\src\stm32l0xx_hal_cortex.o
 .debug_line    0x000011a3      0x70f obj\debug\drivers\stm32l0xx_hal_driver\src\stm32l0xx_hal_gpio.o
 .debug_line    0x000018b2      0x825 obj\debug\drivers\stm32l0xx_hal_driver\src\stm32l0xx_hal_rcc.o
 .debug_line    0x000020d7      0x5c0 obj\debug\src\main.o
 .debug_line    0x00002697       0x90 obj\debug\src\startup_stm32l0xx.o
 .debug_line    0x00002727      0x576 obj\debug\src\stm32l0xx_hal_msp.o
 .debug_line    0x00002c9d      0x5c8 obj\debug\src\stm32l0xx_it.o

.debug_str      0x00000000    0x62e52
 .debug_str     0x00000000    0x31584 obj\debug\drivers\cmsis\device\st\stm32l0xx\source\templates\system_stm32l0xx.o
                              0x31767 (size before relaxing)
 .debug_str     0x00031584    0x30d98 obj\debug\drivers\stm32l0xx_hal_driver\src\stm32l0xx_hal.o
                              0x625fa (size before relaxing)
 .debug_str     0x0006231c      0x293 obj\debug\drivers\stm32l0xx_hal_driver\src\stm32l0xx_hal_cortex.o
                              0x6241c (size before relaxing)
 .debug_str     0x000625af      0x2c3 obj\debug\drivers\stm32l0xx_hal_driver\src\stm32l0xx_hal_gpio.o
                              0x622ee (size before relaxing)
 .debug_str     0x00062872      0x506 obj\debug\drivers\stm32l0xx_hal_driver\src\stm32l0xx_hal_rcc.o
                              0x625fc (size before relaxing)
 .debug_str     0x00062d78       0x54 obj\debug\src\main.o
                              0x6235d (size before relaxing)
 .debug_str     0x00062dcc       0x18 obj\debug\src\stm32l0xx_hal_msp.o
                              0x6212f (size before relaxing)
 .debug_str     0x00062de4       0x6e obj\debug\src\stm32l0xx_it.o
                              0x61f5d (size before relaxing)

.debug_frame    0x00000000      0xf3c
 .debug_frame   0x00000000       0x4c obj\debug\drivers\cmsis\device\st\stm32l0xx\source\templates\system_stm32l0xx.o
 .debug_frame   0x0000004c      0x2e0 obj\debug\drivers\stm32l0xx_hal_driver\src\stm32l0xx_hal.o
 .debug_frame   0x0000032c      0x2c4 obj\debug\drivers\stm32l0xx_hal_driver\src\stm32l0xx_hal_cortex.o
 .debug_frame   0x000005f0      0x110 obj\debug\drivers\stm32l0xx_hal_driver\src\stm32l0xx_hal_gpio.o
 .debug_frame   0x00000700      0x1b8 obj\debug\drivers\stm32l0xx_hal_driver\src\stm32l0xx_hal_rcc.o
 .debug_frame   0x000008b8       0x8c obj\debug\src\main.o
 .debug_frame   0x00000944       0x2c obj\debug\src\stm32l0xx_hal_msp.o
 .debug_frame   0x00000970       0x9c obj\debug\src\stm32l0xx_it.o
 .debug_frame   0x00000a0c      0x308 d:/embitz/1.11/share/em_armgcc/bin/../lib/gcc/arm-none-eabi/5.4.1/../../../../arm-none-eabi/lib/armv6-m\librdimon_n.a(rdimon-syscalls.o)
 .debug_frame   0x00000d14       0x20 d:/embitz/1.11/share/em_armgcc/bin/../lib/gcc/arm-none-eabi/5.4.1/armv6-m\libgcc.a(_udivsi3.o)
 .debug_frame   0x00000d34       0x28 d:/embitz/1.11/share/em_armgcc/bin/../lib/gcc/arm-none-eabi/5.4.1/../../../../arm-none-eabi/lib/armv6-m\libg_n.a(lib_a-exit.o)
 .debug_frame   0x00000d5c      0x140 d:/embitz/1.11/share/em_armgcc/bin/../lib/gcc/arm-none-eabi/5.4.1/../../../../arm-none-eabi/lib/armv6-m\libg_n.a(lib_a-findfp.o)
 .debug_frame   0x00000e9c       0x2c d:/embitz/1.11/share/em_armgcc/bin/../lib/gcc/arm-none-eabi/5.4.1/../../../../arm-none-eabi/lib/armv6-m\libg_n.a(lib_a-init.o)
 .debug_frame   0x00000ec8       0x20 d:/embitz/1.11/share/em_armgcc/bin/../lib/gcc/arm-none-eabi/5.4.1/../../../../arm-none-eabi/lib/armv6-m\libg_n.a(lib_a-memset.o)
 .debug_frame   0x00000ee8       0x28 d:/embitz/1.11/share/em_armgcc/bin/../lib/gcc/arm-none-eabi/5.4.1/../../../../arm-none-eabi/lib/armv6-m\librdimon_n.a(rdimon-_exit.o)
 .debug_frame   0x00000f10       0x2c d:/embitz/1.11/share/em_armgcc/bin/../lib/gcc/arm-none-eabi/5.4.1/../../../../arm-none-eabi/lib/armv6-m\librdimon_n.a(rdimon-_kill.o)
